[    0.000000] Initializing cgroup subsys cpuset
[    0.000000] Initializing cgroup subsys cpu
[    0.000000] Initializing cgroup subsys cpuacct
[    0.000000] Linux version 4.4.0-57-generic (buildd@lgw01-54) (gcc version 5.4.0 20160609 (Ubuntu 5.4.0-6ubuntu1~16.04.4) ) #78-Ubuntu SMP Fri Dec 9 23:50:32 UTC 2016 (Ubuntu 4.4.0-57.78-generic 4.4.35)
[    0.000000] Command line: BOOT_IMAGE=/boot/vmlinuz-4.4.0-57-generic root=UUID=7db8a86f-c347-4d2f-8ba5-8c66bbf70d9a ro quiet splash vt.handoff=7
[    0.000000] KERNEL supported cpus:
[    0.000000]   Intel GenuineIntel
[    0.000000]   AMD AuthenticAMD
[    0.000000]   Centaur CentaurHauls
[    0.000000] x86/fpu: xstate_offset[2]:  576, xstate_sizes[2]:  256
[    0.000000] x86/fpu: Supporting XSAVE feature 0x01: 'x87 floating point registers'
[    0.000000] x86/fpu: Supporting XSAVE feature 0x02: 'SSE registers'
[    0.000000] x86/fpu: Supporting XSAVE feature 0x04: 'AVX registers'
[    0.000000] x86/fpu: Enabled xstate features 0x7, context size is 832 bytes, using 'standard' format.
[    0.000000] x86/fpu: Using 'eager' FPU context switches.
[    0.000000] e820: BIOS-provided physical RAM map:
[    0.000000] BIOS-e820: [mem 0x0000000000000000-0x000000000009d7ff] usable
[    0.000000] BIOS-e820: [mem 0x000000000009d800-0x000000000009ffff] reserved
[    0.000000] BIOS-e820: [mem 0x00000000000e0000-0x00000000000fffff] reserved
[    0.000000] BIOS-e820: [mem 0x0000000000100000-0x00000000a6e3efff] usable
[    0.000000] BIOS-e820: [mem 0x00000000a6e3f000-0x00000000a6ebefff] reserved
[    0.000000] BIOS-e820: [mem 0x00000000a6ebf000-0x00000000a6fbefff] ACPI NVS
[    0.000000] BIOS-e820: [mem 0x00000000a6fbf000-0x00000000a6ffefff] ACPI data
[    0.000000] BIOS-e820: [mem 0x00000000a6fff000-0x00000000a6ffffff] usable
[    0.000000] BIOS-e820: [mem 0x00000000a7000000-0x00000000af9fffff] reserved
[    0.000000] BIOS-e820: [mem 0x00000000e0000000-0x00000000efffffff] reserved
[    0.000000] BIOS-e820: [mem 0x00000000feb00000-0x00000000feb03fff] reserved
[    0.000000] BIOS-e820: [mem 0x00000000fec00000-0x00000000fec00fff] reserved
[    0.000000] BIOS-e820: [mem 0x00000000fed10000-0x00000000fed19fff] reserved
[    0.000000] BIOS-e820: [mem 0x00000000fed1c000-0x00000000fed1ffff] reserved
[    0.000000] BIOS-e820: [mem 0x00000000fee00000-0x00000000fee00fff] reserved
[    0.000000] BIOS-e820: [mem 0x00000000ffd80000-0x00000000ffffffff] reserved
[    0.000000] BIOS-e820: [mem 0x0000000100000000-0x000000024fdfffff] usable
[    0.000000] NX (Execute Disable) protection: active
[    0.000000] SMBIOS 2.7 present.
[    0.000000] DMI: Acer Aspire 4830T/JM40_HR, BIOS V1.10 03/16/2012
[    0.000000] e820: update [mem 0x00000000-0x00000fff] usable ==> reserved
[    0.000000] e820: remove [mem 0x000a0000-0x000fffff] usable
[    0.000000] e820: last_pfn = 0x24fe00 max_arch_pfn = 0x400000000
[    0.000000] MTRR default type: uncachable
[    0.000000] MTRR fixed ranges enabled:
[    0.000000]   00000-9FFFF write-back
[    0.000000]   A0000-BFFFF uncachable
[    0.000000]   C0000-FFFFF write-protect
[    0.000000] MTRR variable ranges enabled:
[    0.000000]   0 base 000000000 mask F80000000 write-back
[    0.000000]   1 base 080000000 mask FC0000000 write-back
[    0.000000]   2 base 0A7000000 mask FFF000000 uncachable
[    0.000000]   3 base 0A8000000 mask FF8000000 uncachable
[    0.000000]   4 base 0B0000000 mask FF0000000 uncachable
[    0.000000]   5 base 0FFC00000 mask FFFC00000 write-protect
[    0.000000]   6 base 100000000 mask F00000000 write-back
[    0.000000]   7 base 200000000 mask FC0000000 write-back
[    0.000000]   8 base 240000000 mask FF0000000 write-back
[    0.000000]   9 base 24FE00000 mask FFFE00000 uncachable
[    0.000000] x86/PAT: Configuration [0-7]: WB  WC  UC- UC  WB  WC  UC- WT  
[    0.000000] e820: last_pfn = 0xa7000 max_arch_pfn = 0x400000000
[    0.000000] found SMP MP-table at [mem 0x000fe1b0-0x000fe1bf] mapped at [ffff8800000fe1b0]
[    0.000000] Scanning 1 areas for low memory corruption
[    0.000000] Base memory trampoline at [ffff880000097000] 97000 size 24576
[    0.000000] reserving inaccessible SNB gfx pages
[    0.000000] BRK [0x0220a000, 0x0220afff] PGTABLE
[    0.000000] BRK [0x0220b000, 0x0220bfff] PGTABLE
[    0.000000] BRK [0x0220c000, 0x0220cfff] PGTABLE
[    0.000000] BRK [0x0220d000, 0x0220dfff] PGTABLE
[    0.000000] BRK [0x0220e000, 0x0220efff] PGTABLE
[    0.000000] BRK [0x0220f000, 0x0220ffff] PGTABLE
[    0.000000] RAMDISK: [mem 0x33818000-0x35c03fff]
[    0.000000] ACPI: Early table checksum verification disabled
[    0.000000] ACPI: RSDP 0x00000000000FE020 000024 (v02 ACRSYS)
[    0.000000] ACPI: XSDT 0x00000000A6FFE120 00007C (v01 ACRSYS ACRPRDCT 00000001      01000013)
[    0.000000] ACPI: FACP 0x00000000A6FFC000 0000F4 (v04 ACRSYS ACRPRDCT 00000001 1025 00040000)
[    0.000000] ACPI: DSDT 0x00000000A6FEF000 009187 (v01 ACRSYS ACRPRDCT 00000000 1025 00040000)
[    0.000000] ACPI: FACS 0x00000000A6F6D000 000040
[    0.000000] ACPI: FACS 0x00000000A6F6D000 000040
[    0.000000] ACPI: ASF! 0x00000000A6FFD000 0000A5 (v32 ACRSYS ACRPRDCT 00000001 1025 00040000)
[    0.000000] ACPI: HPET 0x00000000A6FFB000 000038 (v01 ACRSYS ACRPRDCT 00000001 1025 00040000)
[    0.000000] ACPI: APIC 0x00000000A6FFA000 00008C (v02 ACRSYS ACRPRDCT 00000001 1025 00040000)
[    0.000000] ACPI: MCFG 0x00000000A6FF9000 00003C (v01 ACRSYS ACRPRDCT 00000001 1025 00040000)
[    0.000000] ACPI: SLIC 0x00000000A6FEE000 000176 (v01 ACRSYS ACRPRDCT 00000001 1025 00040000)
[    0.000000] ACPI: SSDT 0x00000000A6FED000 000BC2 (v01 ACRSYS ACRPRDCT 00001000 1025 00040000)
[    0.000000] ACPI: BOOT 0x00000000A6FEB000 000028 (v01 ACRSYS ACRPRDCT 00000001 1025 00040000)
[    0.000000] ACPI: ASPT 0x00000000A6FE8000 000034 (v07 ACRSYS ACRPRDCT 00000001 1025 00040000)
[    0.000000] ACPI: SSDT 0x00000000A6FE7000 00090C (v01 ACRSYS ACRPRDCT 00003000 1025 00040000)
[    0.000000] ACPI: SSDT 0x00000000A6FE6000 000996 (v01 ACRSYS ACRPRDCT 00003000 1025 00040000)
[    0.000000] ACPI: Local APIC address 0xfee00000
[    0.000000] No NUMA configuration found
[    0.000000] Faking a node at [mem 0x0000000000000000-0x000000024fdfffff]
[    0.000000] NODE_DATA(0) allocated [mem 0x24fdf5000-0x24fdf9fff]
[    0.000000] Zone ranges:
[    0.000000]   DMA      [mem 0x0000000000001000-0x0000000000ffffff]
[    0.000000]   DMA32    [mem 0x0000000001000000-0x00000000ffffffff]
[    0.000000]   Normal   [mem 0x0000000100000000-0x000000024fdfffff]
[    0.000000]   Device   empty
[    0.000000] Movable zone start for each node
[    0.000000] Early memory node ranges
[    0.000000]   node   0: [mem 0x0000000000001000-0x000000000009cfff]
[    0.000000]   node   0: [mem 0x0000000000100000-0x00000000a6e3efff]
[    0.000000]   node   0: [mem 0x00000000a6fff000-0x00000000a6ffffff]
[    0.000000]   node   0: [mem 0x0000000100000000-0x000000024fdfffff]
[    0.000000] Initmem setup node 0 [mem 0x0000000000001000-0x000000024fdfffff]
[    0.000000] On node 0 totalpages: 2059228
[    0.000000]   DMA zone: 64 pages used for memmap
[    0.000000]   DMA zone: 156 pages reserved
[    0.000000]   DMA zone: 3996 pages, LIFO batch:0
[    0.000000]   DMA32 zone: 10617 pages used for memmap
[    0.000000]   DMA32 zone: 679488 pages, LIFO batch:31
[    0.000000]   Normal zone: 21496 pages used for memmap
[    0.000000]   Normal zone: 1375744 pages, LIFO batch:31
[    0.000000] Reserving Intel graphics stolen memory at 0xa7a00000-0xaf9fffff
[    0.000000] ACPI: PM-Timer IO Port: 0x408
[    0.000000] ACPI: Local APIC address 0xfee00000
[    0.000000] IOAPIC[0]: apic_id 0, version 32, address 0xfec00000, GSI 0-23
[    0.000000] ACPI: INT_SRC_OVR (bus 0 bus_irq 0 global_irq 2 dfl dfl)
[    0.000000] ACPI: INT_SRC_OVR (bus 0 bus_irq 9 global_irq 9 high level)
[    0.000000] ACPI: IRQ0 used by override.
[    0.000000] ACPI: IRQ9 used by override.
[    0.000000] Using ACPI (MADT) for SMP configuration information
[    0.000000] ACPI: HPET id: 0x8086a201 base: 0xfed00000
[    0.000000] smpboot: Allowing 8 CPUs, 4 hotplug CPUs
[    0.000000] PM: Registered nosave memory: [mem 0x00000000-0x00000fff]
[    0.000000] PM: Registered nosave memory: [mem 0x0009d000-0x0009dfff]
[    0.000000] PM: Registered nosave memory: [mem 0x0009e000-0x0009ffff]
[    0.000000] PM: Registered nosave memory: [mem 0x000a0000-0x000dffff]
[    0.000000] PM: Registered nosave memory: [mem 0x000e0000-0x000fffff]
[    0.000000] PM: Registered nosave memory: [mem 0xa6e3f000-0xa6ebefff]
[    0.000000] PM: Registered nosave memory: [mem 0xa6ebf000-0xa6fbefff]
[    0.000000] PM: Registered nosave memory: [mem 0xa6fbf000-0xa6ffefff]
[    0.000000] PM: Registered nosave memory: [mem 0xa7000000-0xaf9fffff]
[    0.000000] PM: Registered nosave memory: [mem 0xafa00000-0xdfffffff]
[    0.000000] PM: Registered nosave memory: [mem 0xe0000000-0xefffffff]
[    0.000000] PM: Registered nosave memory: [mem 0xf0000000-0xfeafffff]
[    0.000000] PM: Registered nosave memory: [mem 0xfeb00000-0xfeb03fff]
[    0.000000] PM: Registered nosave memory: [mem 0xfeb04000-0xfebfffff]
[    0.000000] PM: Registered nosave memory: [mem 0xfec00000-0xfec00fff]
[    0.000000] PM: Registered nosave memory: [mem 0xfec01000-0xfed0ffff]
[    0.000000] PM: Registered nosave memory: [mem 0xfed10000-0xfed19fff]
[    0.000000] PM: Registered nosave memory: [mem 0xfed1a000-0xfed1bfff]
[    0.000000] PM: Registered nosave memory: [mem 0xfed1c000-0xfed1ffff]
[    0.000000] PM: Registered nosave memory: [mem 0xfed20000-0xfedfffff]
[    0.000000] PM: Registered nosave memory: [mem 0xfee00000-0xfee00fff]
[    0.000000] PM: Registered nosave memory: [mem 0xfee01000-0xffd7ffff]
[    0.000000] PM: Registered nosave memory: [mem 0xffd80000-0xffffffff]
[    0.000000] e820: [mem 0xafa00000-0xdfffffff] available for PCI devices
[    0.000000] Booting paravirtualized kernel on bare hardware
[    0.000000] clocksource: refined-jiffies: mask: 0xffffffff max_cycles: 0xffffffff, max_idle_ns: 7645519600211568 ns
[    0.000000] setup_percpu: NR_CPUS:512 nr_cpumask_bits:512 nr_cpu_ids:8 nr_node_ids:1
[    0.000000] PERCPU: Embedded 33 pages/cpu @ffff88024fa00000 s98264 r8192 d28712 u262144
[    0.000000] pcpu-alloc: s98264 r8192 d28712 u262144 alloc=1*2097152
[    0.000000] pcpu-alloc: [0] 0 1 2 3 4 5 6 7 
[    0.000000] Built 1 zonelists in Node order, mobility grouping on.  Total pages: 2026895
[    0.000000] Policy zone: Normal
[    0.000000] Kernel command line: BOOT_IMAGE=/boot/vmlinuz-4.4.0-57-generic root=UUID=7db8a86f-c347-4d2f-8ba5-8c66bbf70d9a ro quiet splash vt.handoff=7
[    0.000000] PID hash table entries: 4096 (order: 3, 32768 bytes)
[    0.000000] Calgary: detecting Calgary via BIOS EBDA area
[    0.000000] Calgary: Unable to locate Rio Grande table in EBDA - bailing!
[    0.000000] Memory: 7984564K/8236912K available (8432K kernel code, 1291K rwdata, 3960K rodata, 1484K init, 1316K bss, 252348K reserved, 0K cma-reserved)
[    0.000000] SLUB: HWalign=64, Order=0-3, MinObjects=0, CPUs=8, Nodes=1
[    0.000000] Hierarchical RCU implementation.
[    0.000000] 	Build-time adjustment of leaf fanout to 64.
[    0.000000] 	RCU restricting CPUs from NR_CPUS=512 to nr_cpu_ids=8.
[    0.000000] RCU: Adjusting geometry for rcu_fanout_leaf=64, nr_cpu_ids=8
[    0.000000] NR_IRQS:33024 nr_irqs:488 16
[    0.000000] vt handoff: transparent VT on vt#7
[    0.000000] Console: colour dummy device 80x25
[    0.000000] console [tty0] enabled
[    0.000000] clocksource: hpet: mask: 0xffffffff max_cycles: 0xffffffff, max_idle_ns: 133484882848 ns
[    0.000000] hpet clockevent registered
[    0.000000] tsc: Fast TSC calibration using PIT
[    0.000000] tsc: Detected 2095.355 MHz processor
[    0.000039] Calibrating delay loop (skipped), value calculated using timer frequency.. 4190.71 BogoMIPS (lpj=8381420)
[    0.000042] pid_max: default: 32768 minimum: 301
[    0.000048] ACPI: Core revision 20150930
[    0.007304] ACPI: 4 ACPI AML tables successfully acquired and loaded
[    0.007326] Security Framework initialized
[    0.007328] Yama: becoming mindful.
[    0.007346] AppArmor: AppArmor initialized
[    0.007929] Dentry cache hash table entries: 1048576 (order: 11, 8388608 bytes)
[    0.009780] Inode-cache hash table entries: 524288 (order: 10, 4194304 bytes)
[    0.010585] Mount-cache hash table entries: 16384 (order: 5, 131072 bytes)
[    0.010597] Mountpoint-cache hash table entries: 16384 (order: 5, 131072 bytes)
[    0.010832] Initializing cgroup subsys io
[    0.010836] Initializing cgroup subsys memory
[    0.010843] Initializing cgroup subsys devices
[    0.010845] Initializing cgroup subsys freezer
[    0.010847] Initializing cgroup subsys net_cls
[    0.010849] Initializing cgroup subsys perf_event
[    0.010852] Initializing cgroup subsys net_prio
[    0.010855] Initializing cgroup subsys hugetlb
[    0.010857] Initializing cgroup subsys pids
[    0.010880] CPU: Physical Processor ID: 0
[    0.010881] CPU: Processor Core ID: 0
[    0.010886] ENERGY_PERF_BIAS: Set to 'normal', was 'performance'
[    0.010887] ENERGY_PERF_BIAS: View and update with x86_energy_perf_policy(8)
[    0.010890] mce: CPU supports 7 MCE banks
[    0.010902] CPU0: Thermal monitoring enabled (TM1)
[    0.010910] process: using mwait in idle threads
[    0.010913] Last level iTLB entries: 4KB 512, 2MB 8, 4MB 8
[    0.010915] Last level dTLB entries: 4KB 512, 2MB 32, 4MB 32, 1GB 0
[    0.011404] Freeing SMP alternatives memory: 32K (ffffffff820b7000 - ffffffff820bf000)
[    0.054416] ftrace: allocating 32063 entries in 126 pages
[    0.072453] smpboot: APIC(0) Converting physical 0 to logical package 0
[    0.072456] smpboot: Max logical packages: 4
[    0.072538] x2apic: IRQ remapping doesn't support X2APIC mode
[    0.073015] ..TIMER: vector=0x30 apic1=0 pin1=2 apic2=-1 pin2=-1
[    0.112704] TSC deadline timer enabled
[    0.112708] smpboot: CPU0: Intel(R) Core(TM) i3-2310M CPU @ 2.10GHz (family: 0x6, model: 0x2a, stepping: 0x7)
[    0.112724] Performance Events: PEBS fmt1+, 16-deep LBR, SandyBridge events, full-width counters, Intel PMU driver.
[    0.112746] core: PEBS disabled due to CPU errata, please upgrade microcode
[    0.112749] ... version:                3
[    0.112750] ... bit width:              48
[    0.112751] ... generic registers:      4
[    0.112753] ... value mask:             0000ffffffffffff
[    0.112754] ... max period:             0000ffffffffffff
[    0.112755] ... fixed-purpose events:   3
[    0.112756] ... event mask:             000000070000000f
[    0.113677] x86: Booting SMP configuration:
[    0.113679] .... node  #0, CPUs:      #1
[    0.116189] NMI watchdog: enabled on all CPUs, permanently consumes one hw-PMU counter.
[    0.116284]  #2 #3
[    0.121078] x86: Booted up 1 node, 4 CPUs
[    0.121081] smpboot: Total of 4 processors activated (16762.84 BogoMIPS)
[    0.124697] devtmpfs: initialized
[    0.127742] evm: security.selinux
[    0.127744] evm: security.SMACK64
[    0.127745] evm: security.SMACK64EXEC
[    0.127746] evm: security.SMACK64TRANSMUTE
[    0.127747] evm: security.SMACK64MMAP
[    0.127748] evm: security.ima
[    0.127749] evm: security.capability
[    0.127826] PM: Registering ACPI NVS region [mem 0xa6ebf000-0xa6fbefff] (1048576 bytes)
[    0.127932] clocksource: jiffies: mask: 0xffffffff max_cycles: 0xffffffff, max_idle_ns: 7645041785100000 ns
[    0.128030] pinctrl core: initialized pinctrl subsystem
[    0.128164] RTC time:  6:46:35, date: 01/01/17
[    0.128293] NET: Registered protocol family 16
[    0.140512] cpuidle: using governor ladder
[    0.152521] cpuidle: using governor menu
[    0.152530] PCCT header not found.
[    0.152653] Simple Boot Flag at 0x44 set to 0x1
[    0.152686] ACPI FADT declares the system doesn't support PCIe ASPM, so disable it
[    0.152688] ACPI: bus type PCI registered
[    0.152690] acpiphp: ACPI Hot Plug PCI Controller Driver version: 0.5
[    0.152779] PCI: MMCONFIG for domain 0000 [bus 00-ff] at [mem 0xe0000000-0xefffffff] (base 0xe0000000)
[    0.152781] PCI: MMCONFIG at [mem 0xe0000000-0xefffffff] reserved in E820
[    0.152796] PCI: Using configuration type 1 for base access
[    0.152836] core: PMU erratum BJ122, BV98, HSD29 worked around, HT is on
[    0.164983] ACPI: Added _OSI(Module Device)
[    0.164985] ACPI: Added _OSI(Processor Device)
[    0.164986] ACPI: Added _OSI(3.0 _SCP Extensions)
[    0.164988] ACPI: Added _OSI(Processor Aggregator Device)
[    0.167569] ACPI: Executed 1 blocks of module-level executable AML code
[    0.170248] [Firmware Bug]: ACPI: BIOS _OSI(Linux) query ignored
[    0.170575] ACPI: Dynamic OEM Table Load:
[    0.170584] ACPI: SSDT 0xFFFF880245D72000 00067C (v01 PmRef  Cpu0Cst  00003001 INTL 20100121)
[    0.171138] ACPI: Dynamic OEM Table Load:
[    0.171144] ACPI: SSDT 0xFFFF880245DAA800 000303 (v01 PmRef  ApIst    00003000 INTL 20100121)
[    0.171609] ACPI: Dynamic OEM Table Load:
[    0.171614] ACPI: SSDT 0xFFFF880245D7BE00 000119 (v01 PmRef  ApCst    00003000 INTL 20100121)
[    0.172486] ACPI : EC: EC started
[    0.204678] ACPI: Interpreter enabled
[    0.204715] ACPI: (supports S0 S3 S4 S5)
[    0.204717] ACPI: Using IOAPIC for interrupt routing
[    0.204746] PCI: Using host bridge windows from ACPI; if necessary, use "pci=nocrs" and report a bug
[    0.440474] ACPI: PCI Root Bridge [PCI0] (domain 0000 [bus 00-fe])
[    0.440480] acpi PNP0A08:00: _OSC: OS supports [ExtendedConfig ASPM ClockPM Segments MSI]
[    0.440516] \_SB_.PCI0:_OSC invalid UUID
[    0.440517] _OSC request data:1 1f 0 
[    0.440522] acpi PNP0A08:00: _OSC failed (AE_ERROR); disabling ASPM
[    0.440995] PCI host bridge to bus 0000:00
[    0.440999] pci_bus 0000:00: root bus resource [io  0x0000-0x0cf7 window]
[    0.441001] pci_bus 0000:00: root bus resource [io  0x0d00-0xffff window]
[    0.441003] pci_bus 0000:00: root bus resource [mem 0x000a0000-0x000bffff window]
[    0.441005] pci_bus 0000:00: root bus resource [mem 0xafa00000-0xfeafffff window]
[    0.441007] pci_bus 0000:00: root bus resource [bus 00-fe]
[    0.441016] pci 0000:00:00.0: [8086:0104] type 00 class 0x060000
[    0.441118] pci 0000:00:02.0: [8086:0116] type 00 class 0x030000
[    0.441133] pci 0000:00:02.0: reg 0x10: [mem 0xc0000000-0xc03fffff 64bit]
[    0.441140] pci 0000:00:02.0: reg 0x18: [mem 0xb0000000-0xbfffffff 64bit pref]
[    0.441145] pci 0000:00:02.0: reg 0x20: [io  0x3000-0x303f]
[    0.441278] pci 0000:00:16.0: [8086:1c3a] type 00 class 0x078000
[    0.441328] pci 0000:00:16.0: reg 0x10: [mem 0xc0804000-0xc080400f 64bit]
[    0.441425] pci 0000:00:16.0: PME# supported from D0 D3hot D3cold
[    0.441532] pci 0000:00:1a.0: [8086:1c2d] type 00 class 0x0c0320
[    0.441916] pci 0000:00:1a.0: reg 0x10: [mem 0xc080a000-0xc080a3ff]
[    0.444016] pci 0000:00:1a.0: PME# supported from D0 D3hot D3cold
[    0.444116] pci 0000:00:1b.0: [8086:1c20] type 00 class 0x040300
[    0.444165] pci 0000:00:1b.0: reg 0x10: [mem 0xc0800000-0xc0803fff 64bit]
[    0.444278] pci 0000:00:1b.0: PME# supported from D0 D3hot D3cold
[    0.444336] pci 0000:00:1b.0: System wakeup disabled by ACPI
[    0.444385] pci 0000:00:1c.0: [8086:1c10] type 01 class 0x060400
[    0.444511] pci 0000:00:1c.0: PME# supported from D0 D3hot D3cold
[    0.444566] pci 0000:00:1c.0: System wakeup disabled by ACPI
[    0.444615] pci 0000:00:1c.1: [8086:1c12] type 01 class 0x060400
[    0.444744] pci 0000:00:1c.1: PME# supported from D0 D3hot D3cold
[    0.444846] pci 0000:00:1c.2: [8086:1c14] type 01 class 0x060400
[    0.444972] pci 0000:00:1c.2: PME# supported from D0 D3hot D3cold
[    0.445073] pci 0000:00:1c.3: [8086:1c16] type 01 class 0x060400
[    0.445199] pci 0000:00:1c.3: PME# supported from D0 D3hot D3cold
[    0.445306] pci 0000:00:1d.0: [8086:1c26] type 00 class 0x0c0320
[    0.445682] pci 0000:00:1d.0: reg 0x10: [mem 0xc0809000-0xc08093ff]
[    0.447785] pci 0000:00:1d.0: PME# supported from D0 D3hot D3cold
[    0.447851] pci 0000:00:1d.0: System wakeup disabled by ACPI
[    0.447901] pci 0000:00:1f.0: [8086:1c49] type 00 class 0x060100
[    0.448129] pci 0000:00:1f.2: [8086:1c03] type 00 class 0x010601
[    0.448176] pci 0000:00:1f.2: reg 0x10: [io  0x3088-0x308f]
[    0.448190] pci 0000:00:1f.2: reg 0x14: [io  0x309c-0x309f]
[    0.448203] pci 0000:00:1f.2: reg 0x18: [io  0x3080-0x3087]
[    0.448217] pci 0000:00:1f.2: reg 0x1c: [io  0x3098-0x309b]
[    0.448231] pci 0000:00:1f.2: reg 0x20: [io  0x3060-0x307f]
[    0.448245] pci 0000:00:1f.2: reg 0x24: [mem 0xc0808000-0xc08087ff]
[    0.448305] pci 0000:00:1f.2: PME# supported from D3hot
[    0.448394] pci 0000:00:1f.3: [8086:1c22] type 00 class 0x0c0500
[    0.448424] pci 0000:00:1f.3: reg 0x10: [mem 0xc0806000-0xc08060ff 64bit]
[    0.448461] pci 0000:00:1f.3: reg 0x20: [io  0x3040-0x305f]
[    0.448663] pci 0000:02:00.0: [1969:1083] type 00 class 0x020000
[    0.448734] pci 0000:02:00.0: reg 0x10: [mem 0xc0700000-0xc073ffff 64bit]
[    0.448756] pci 0000:02:00.0: reg 0x18: [io  0x2000-0x207f]
[    0.448903] pci 0000:02:00.0: PME# supported from D0 D1 D2 D3hot D3cold
[    0.456798] pci 0000:00:1c.0: PCI bridge to [bus 02]
[    0.456809] pci 0000:00:1c.0:   bridge window [io  0x2000-0x2fff]
[    0.456818] pci 0000:00:1c.0:   bridge window [mem 0xc0700000-0xc07fffff]
[    0.456954] pci 0000:03:00.0: [168c:002e] type 00 class 0x028000
[    0.457020] pci 0000:03:00.0: reg 0x10: [mem 0xc0600000-0xc060ffff 64bit]
[    0.457192] pci 0000:03:00.0: supports D1
[    0.457194] pci 0000:03:00.0: PME# supported from D0 D1 D3hot
[    0.464797] pci 0000:00:1c.1: PCI bridge to [bus 03]
[    0.464812] pci 0000:00:1c.1:   bridge window [mem 0xc0600000-0xc06fffff]
[    0.464955] pci 0000:04:00.0: [10ec:5209] type 00 class 0xff0000
[    0.465012] pci 0000:04:00.0: reg 0x10: [mem 0xc0500000-0xc0500fff]
[    0.465188] pci 0000:04:00.0: supports D1 D2
[    0.465190] pci 0000:04:00.0: PME# supported from D1 D2 D3hot
[    0.472824] pci 0000:00:1c.2: PCI bridge to [bus 04]
[    0.472839] pci 0000:00:1c.2:   bridge window [mem 0xc0500000-0xc05fffff]
[    0.473052] pci 0000:05:00.0: [1033:0194] type 00 class 0x0c0330
[    0.473180] pci 0000:05:00.0: reg 0x10: [mem 0xc0400000-0xc0401fff 64bit]
[    0.473509] pci 0000:05:00.0: PME# supported from D0 D3hot D3cold
[    0.480872] pci 0000:00:1c.3: PCI bridge to [bus 05]
[    0.480887] pci 0000:00:1c.3:   bridge window [mem 0xc0400000-0xc04fffff]
[    0.597202] ACPI: PCI Interrupt Link [LNKA] (IRQs 1 3 4 5 6 *10 11 12 14 15)
[    0.597263] ACPI: PCI Interrupt Link [LNKB] (IRQs 1 3 4 5 6 10 11 12 14 15) *7
[    0.597319] ACPI: PCI Interrupt Link [LNKC] (IRQs 1 3 4 5 6 10 11 12 14 15) *0, disabled.
[    0.597375] ACPI: PCI Interrupt Link [LNKD] (IRQs 1 3 4 5 6 10 11 12 14 15) *7
[    0.597429] ACPI: PCI Interrupt Link [LNKE] (IRQs 1 3 4 5 6 10 11 12 14 15) *0, disabled.
[    0.597484] ACPI: PCI Interrupt Link [LNKF] (IRQs 1 3 4 5 6 *10 11 12 14 15)
[    0.597538] ACPI: PCI Interrupt Link [LNKG] (IRQs 1 3 4 5 6 10 *11 12 14 15)
[    0.597592] ACPI: PCI Interrupt Link [LNKH] (IRQs 1 3 4 5 6 10 *11 12 14 15)
[    0.597692] ACPI: Enabled 9 GPEs in block 00 to 3F
[    0.597741] ACPI : EC: GPE = 0x17, I/O: command/status = 0x66, data = 0x62
[    0.597865] vgaarb: setting as boot device: PCI:0000:00:02.0
[    0.597867] vgaarb: device added: PCI:0000:00:02.0,decodes=io+mem,owns=io+mem,locks=none
[    0.597870] vgaarb: loaded
[    0.597872] vgaarb: bridge control possible 0000:00:02.0
[    0.598147] SCSI subsystem initialized
[    0.598198] libata version 3.00 loaded.
[    0.598226] ACPI: bus type USB registered
[    0.598243] usbcore: registered new interface driver usbfs
[    0.598254] usbcore: registered new interface driver hub
[    0.598274] usbcore: registered new device driver usb
[    0.598456] PCI: Using ACPI for IRQ routing
[    0.611850] PCI: pci_cache_line_size set to 64 bytes
[    0.611970] e820: reserve RAM buffer [mem 0x0009d800-0x0009ffff]
[    0.611972] e820: reserve RAM buffer [mem 0xa6e3f000-0xa7ffffff]
[    0.611974] e820: reserve RAM buffer [mem 0xa7000000-0xa7ffffff]
[    0.611975] e820: reserve RAM buffer [mem 0x24fe00000-0x24fffffff]
[    0.612120] NetLabel: Initializing
[    0.612122] NetLabel:  domain hash size = 128
[    0.612123] NetLabel:  protocols = UNLABELED CIPSOv4
[    0.612136] NetLabel:  unlabeled traffic allowed by default
[    0.612224] hpet0: at MMIO 0xfed00000, IRQs 2, 8, 0, 0, 0, 0, 0, 0
[    0.612231] hpet0: 8 comparators, 64-bit 14.318180 MHz counter
[    0.614249] amd_nb: Cannot enumerate AMD northbridges
[    0.614264] clocksource: Switched to clocksource hpet
[    0.620780] AppArmor: AppArmor Filesystem Enabled
[    0.620858] pnp: PnP ACPI init
[    0.621007] system 00:00: [io  0x0680-0x069f] has been reserved
[    0.621011] system 00:00: [io  0xff2c-0xff2f] has been reserved
[    0.621013] system 00:00: [io  0x1000-0x100f] has been reserved
[    0.621015] system 00:00: [io  0xffff] has been reserved
[    0.621017] system 00:00: [io  0xffff] has been reserved
[    0.621019] system 00:00: [io  0x0400-0x047f] could not be reserved
[    0.621021] system 00:00: [io  0x0500-0x057f] has been reserved
[    0.621024] system 00:00: [io  0x164e-0x164f] has been reserved
[    0.621028] system 00:00: Plug and Play ACPI device, IDs PNP0c02 (active)
[    0.621059] pnp 00:01: Plug and Play ACPI device, IDs PNP0b00 (active)
[    0.621110] system 00:02: [io  0x0454-0x0457] has been reserved
[    0.621113] system 00:02: Plug and Play ACPI device, IDs INT3f0d PNP0c02 (active)
[    0.621152] pnp 00:03: Plug and Play ACPI device, IDs PNP0303 (active)
[    0.621209] pnp 00:04: Plug and Play ACPI device, IDs ETD0500 PNP0f13 (active)
[    0.734505] system 00:05: [mem 0xfed1c000-0xfed1ffff] has been reserved
[    0.734507] system 00:05: [mem 0xfed10000-0xfed17fff] has been reserved
[    0.734510] system 00:05: [mem 0xfed18000-0xfed18fff] has been reserved
[    0.734512] system 00:05: [mem 0xfed19000-0xfed19fff] has been reserved
[    0.734514] system 00:05: [mem 0xe0000000-0xefffffff] has been reserved
[    0.734516] system 00:05: [mem 0xfed20000-0xfed3ffff] has been reserved
[    0.734518] system 00:05: [mem 0xfed90000-0xfed93fff] has been reserved
[    0.734521] system 00:05: [mem 0xff000000-0xffffffff] could not be reserved
[    0.734523] system 00:05: [mem 0xfee00000-0xfeefffff] could not be reserved
[    0.734525] system 00:05: [mem 0xafa00000-0xafa00fff] has been reserved
[    0.734528] system 00:05: Plug and Play ACPI device, IDs PNP0c02 (active)
[    0.734733] system 00:06: [mem 0x20000000-0x201fffff] could not be reserved
[    0.734736] system 00:06: [mem 0x40000000-0x401fffff] could not be reserved
[    0.734739] system 00:06: Plug and Play ACPI device, IDs PNP0c01 (active)
[    0.734755] pnp: PnP ACPI: found 7 devices
[    0.741295] clocksource: acpi_pm: mask: 0xffffff max_cycles: 0xffffff, max_idle_ns: 2085701024 ns
[    0.741350] pci 0000:00:1c.0: PCI bridge to [bus 02]
[    0.741354] pci 0000:00:1c.0:   bridge window [io  0x2000-0x2fff]
[    0.741362] pci 0000:00:1c.0:   bridge window [mem 0xc0700000-0xc07fffff]
[    0.741375] pci 0000:00:1c.1: PCI bridge to [bus 03]
[    0.741382] pci 0000:00:1c.1:   bridge window [mem 0xc0600000-0xc06fffff]
[    0.741394] pci 0000:00:1c.2: PCI bridge to [bus 04]
[    0.741401] pci 0000:00:1c.2:   bridge window [mem 0xc0500000-0xc05fffff]
[    0.741413] pci 0000:00:1c.3: PCI bridge to [bus 05]
[    0.741420] pci 0000:00:1c.3:   bridge window [mem 0xc0400000-0xc04fffff]
[    0.741434] pci_bus 0000:00: resource 4 [io  0x0000-0x0cf7 window]
[    0.741436] pci_bus 0000:00: resource 5 [io  0x0d00-0xffff window]
[    0.741438] pci_bus 0000:00: resource 6 [mem 0x000a0000-0x000bffff window]
[    0.741440] pci_bus 0000:00: resource 7 [mem 0xafa00000-0xfeafffff window]
[    0.741442] pci_bus 0000:02: resource 0 [io  0x2000-0x2fff]
[    0.741444] pci_bus 0000:02: resource 1 [mem 0xc0700000-0xc07fffff]
[    0.741446] pci_bus 0000:03: resource 1 [mem 0xc0600000-0xc06fffff]
[    0.741448] pci_bus 0000:04: resource 1 [mem 0xc0500000-0xc05fffff]
[    0.741450] pci_bus 0000:05: resource 1 [mem 0xc0400000-0xc04fffff]
[    0.741487] NET: Registered protocol family 2
[    0.741661] TCP established hash table entries: 65536 (order: 7, 524288 bytes)
[    0.741818] TCP bind hash table entries: 65536 (order: 8, 1048576 bytes)
[    0.741956] TCP: Hash tables configured (established 65536 bind 65536)
[    0.741987] UDP hash table entries: 4096 (order: 5, 131072 bytes)
[    0.742019] UDP-Lite hash table entries: 4096 (order: 5, 131072 bytes)
[    0.742089] NET: Registered protocol family 1
[    0.742107] pci 0000:00:02.0: Video device with shadowed ROM
[    0.786344] PCI: CLS 64 bytes, default 64
[    0.786402] Trying to unpack rootfs image as initramfs...
[    1.454113] Freeing initrd memory: 36784K (ffff880033818000 - ffff880035c04000)
[    1.454139] PCI-DMA: Using software bounce buffering for IO (SWIOTLB)
[    1.454142] software IO TLB [mem 0xa2e3f000-0xa6e3f000] (64MB) mapped at [ffff8800a2e3f000-ffff8800a6e3efff]
[    1.454213] RAPL PMU detected, API unit is 2^-32 Joules, 3 fixed counters 163840 ms ovfl timer
[    1.454215] hw unit of domain pp0-core 2^-16 Joules
[    1.454230] hw unit of domain package 2^-16 Joules
[    1.454231] hw unit of domain pp1-gpu 2^-16 Joules
[    1.454337] Scanning for low memory corruption every 60 seconds
[    1.454747] futex hash table entries: 2048 (order: 5, 131072 bytes)
[    1.454782] audit: initializing netlink subsys (disabled)
[    1.454796] audit: type=2000 audit(1483253195.408:1): initialized
[    1.455221] Initialise system trusted keyring
[    1.455352] HugeTLB registered 2 MB page size, pre-allocated 0 pages
[    1.457048] zbud: loaded
[    1.457288] VFS: Disk quotas dquot_6.6.0
[    1.457331] VFS: Dquot-cache hash table entries: 512 (order 0, 4096 bytes)
[    1.457639] squashfs: version 4.0 (2009/01/31) Phillip Lougher
[    1.457905] fuse init (API version 7.23)
[    1.458054] Key type big_key registered
[    1.458076] Allocating IMA MOK and blacklist keyrings.
[    1.458546] Key type asymmetric registered
[    1.458551] Asymmetric key parser 'x509' registered
[    1.458594] Block layer SCSI generic (bsg) driver version 0.4 loaded (major 249)
[    1.458631] io scheduler noop registered
[    1.458635] io scheduler deadline registered (default)
[    1.458670] io scheduler cfq registered
[    1.459277] pci_hotplug: PCI Hot Plug PCI Core version: 0.5
[    1.459284] pciehp: PCI Express Hot Plug Controller Driver version: 0.4
[    1.459315] vesafb: mode is 1366x768x32, linelength=5504, pages=0
[    1.459316] vesafb: scrolling: redraw
[    1.459318] vesafb: Truecolor: size=8:8:8:8, shift=24:16:8:0
[    1.459327] pmd_set_huge: Cannot satisfy [mem 0xb0000000-0xb0200000] with a huge-page mapping due to MTRR override.
[    1.459339] vesafb: framebuffer at 0xb0000000, mapped to 0xffffc90001000000, using 4160k, total 4160k
[    1.459445] Console: switching to colour frame buffer device 170x48
[    1.459464] fb0: VESA VGA frame buffer device
[    1.459481] intel_idle: MWAIT substates: 0x21120
[    1.459483] intel_idle: v0.4.1 model 0x2A
[    1.459484] intel_idle: lapic_timer_reliable_states 0xffffffff
[    1.566437] ACPI: AC Adapter [ACAD] (on-line)
[    1.566533] input: Power Button as /devices/LNXSYSTM:00/LNXSYBUS:00/PNP0A08:00/device:01/PNP0C0C:00/input/input0
[    1.566538] ACPI: Power Button [PWRB]
[    1.566581] input: Lid Switch as /devices/LNXSYSTM:00/LNXSYBUS:00/PNP0A08:00/device:01/PNP0C0D:00/input/input1
[    1.566619] ACPI: Lid Switch [LID0]
[    1.566658] input: Sleep Button as /devices/LNXSYSTM:00/LNXSYBUS:00/PNP0A08:00/device:01/PNP0C0E:00/input/input2
[    1.566661] ACPI: Sleep Button [SLPB]
[    1.566703] input: Power Button as /devices/LNXSYSTM:00/LNXPWRBN:00/input/input3
[    1.566705] ACPI: Power Button [PWRF]
[    1.567095] GHES: HEST is not enabled!
[    1.567303] Serial: 8250/16550 driver, 32 ports, IRQ sharing enabled
[    2.454221] tsc: Refined TSC clocksource calibration: 2095.240 MHz
[    2.454225] clocksource: tsc: mask: 0xffffffffffffffff max_cycles: 0x1e339fecabe, max_idle_ns: 440795202126 ns
[    2.586229] ACPI: Battery Slot [BAT0] (battery present)
[    2.586446] Linux agpgart interface v0.103
[    2.589814] brd: module loaded
[    2.591312] loop: module loaded
[    2.591559] libphy: Fixed MDIO Bus: probed
[    2.591564] tun: Universal TUN/TAP device driver, 1.6
[    2.591565] tun: (C) 1999-2004 Max Krasnyansky <maxk@qualcomm.com>
[    2.591615] PPP generic driver version 2.4.2
[    2.591687] ehci_hcd: USB 2.0 'Enhanced' Host Controller (EHCI) Driver
[    2.591693] ehci-pci: EHCI PCI platform driver
[    2.591833] ehci-pci 0000:00:1a.0: EHCI Host Controller
[    2.591840] ehci-pci 0000:00:1a.0: new USB bus registered, assigned bus number 1
[    2.591856] ehci-pci 0000:00:1a.0: debug port 2
[    2.595764] ehci-pci 0000:00:1a.0: cache line size of 64 is not supported
[    2.595778] ehci-pci 0000:00:1a.0: irq 16, io mem 0xc080a000
[    2.606193] ehci-pci 0000:00:1a.0: USB 2.0 started, EHCI 1.00
[    2.606293] usb usb1: New USB device found, idVendor=1d6b, idProduct=0002
[    2.606295] usb usb1: New USB device strings: Mfr=3, Product=2, SerialNumber=1
[    2.606297] usb usb1: Product: EHCI Host Controller
[    2.606299] usb usb1: Manufacturer: Linux 4.4.0-57-generic ehci_hcd
[    2.606301] usb usb1: SerialNumber: 0000:00:1a.0
[    2.606464] hub 1-0:1.0: USB hub found
[    2.606470] hub 1-0:1.0: 2 ports detected
[    2.606683] ehci-pci 0000:00:1d.0: EHCI Host Controller
[    2.606689] ehci-pci 0000:00:1d.0: new USB bus registered, assigned bus number 2
[    2.606703] ehci-pci 0000:00:1d.0: debug port 2
[    2.610595] ehci-pci 0000:00:1d.0: cache line size of 64 is not supported
[    2.610604] ehci-pci 0000:00:1d.0: irq 23, io mem 0xc0809000
[    2.622189] ehci-pci 0000:00:1d.0: USB 2.0 started, EHCI 1.00
[    2.622268] usb usb2: New USB device found, idVendor=1d6b, idProduct=0002
[    2.622275] usb usb2: New USB device strings: Mfr=3, Product=2, SerialNumber=1
[    2.622288] usb usb2: Product: EHCI Host Controller
[    2.622290] usb usb2: Manufacturer: Linux 4.4.0-57-generic ehci_hcd
[    2.622292] usb usb2: SerialNumber: 0000:00:1d.0
[    2.622465] hub 2-0:1.0: USB hub found
[    2.622471] hub 2-0:1.0: 2 ports detected
[    2.622577] ehci-platform: EHCI generic platform driver
[    2.622592] ohci_hcd: USB 1.1 'Open' Host Controller (OHCI) Driver
[    2.622598] ohci-pci: OHCI PCI platform driver
[    2.622612] ohci-platform: OHCI generic platform driver
[    2.622622] uhci_hcd: USB Universal Host Controller Interface driver
[    2.622712] xhci_hcd 0000:05:00.0: xHCI Host Controller
[    2.622718] xhci_hcd 0000:05:00.0: new USB bus registered, assigned bus number 3
[    2.622917] xhci_hcd 0000:05:00.0: hcc params 0x014042cb hci version 0x96 quirks 0x00000004
[    2.623127] usb usb3: New USB device found, idVendor=1d6b, idProduct=0002
[    2.623129] usb usb3: New USB device strings: Mfr=3, Product=2, SerialNumber=1
[    2.623131] usb usb3: Product: xHCI Host Controller
[    2.623132] usb usb3: Manufacturer: Linux 4.4.0-57-generic xhci-hcd
[    2.623134] usb usb3: SerialNumber: 0000:05:00.0
[    2.623275] hub 3-0:1.0: USB hub found
[    2.623287] hub 3-0:1.0: 2 ports detected
[    2.623387] xhci_hcd 0000:05:00.0: xHCI Host Controller
[    2.623390] xhci_hcd 0000:05:00.0: new USB bus registered, assigned bus number 4
[    2.626323] usb usb4: We don't know the algorithms for LPM for this host, disabling LPM.
[    2.626340] usb usb4: New USB device found, idVendor=1d6b, idProduct=0003
[    2.626342] usb usb4: New USB device strings: Mfr=3, Product=2, SerialNumber=1
[    2.626344] usb usb4: Product: xHCI Host Controller
[    2.626346] usb usb4: Manufacturer: Linux 4.4.0-57-generic xhci-hcd
[    2.626347] usb usb4: SerialNumber: 0000:05:00.0
[    2.626510] hub 4-0:1.0: USB hub found
[    2.626521] hub 4-0:1.0: 2 ports detected
[    2.626666] i8042: PNP: PS/2 Controller [PNP0303:KBC0,PNP0f13:MSE0] at 0x60,0x64 irq 1,12
[    2.688670] serio: i8042 KBD port at 0x60,0x64 irq 1
[    2.688675] serio: i8042 AUX port at 0x60,0x64 irq 12
[    2.688914] mousedev: PS/2 mouse device common for all mice
[    2.692523] rtc_cmos 00:01: RTC can wake from S4
[    2.692733] rtc_cmos 00:01: rtc core: registered rtc_cmos as rtc0
[    2.692766] rtc_cmos 00:01: alarms up to one year, y3k, 242 bytes nvram, hpet irqs
[    2.692774] i2c /dev entries driver
[    2.692830] device-mapper: uevent: version 1.0.3
[    2.692904] device-mapper: ioctl: 4.34.0-ioctl (2015-10-28) initialised: dm-devel@redhat.com
[    2.692921] Intel P-state driver initializing.
[    2.693152] ledtrig-cpu: registered to indicate activity on CPUs
[    2.694277] NET: Registered protocol family 10
[    2.694968] NET: Registered protocol family 17
[    2.695030] Key type dns_resolver registered
[    2.695689] microcode: CPU0 sig=0x206a7, pf=0x10, revision=0x25
[    2.695712] microcode: CPU1 sig=0x206a7, pf=0x10, revision=0x25
[    2.695727] microcode: CPU2 sig=0x206a7, pf=0x10, revision=0x25
[    2.695752] microcode: CPU3 sig=0x206a7, pf=0x10, revision=0x25
[    2.695931] microcode: Microcode Update Driver: v2.01 <tigran@aivazian.fsnet.co.uk>, Peter Oruba
[    2.696508] registered taskstats version 1
[    2.696566] Loading compiled-in X.509 certificates
[    2.698750] Loaded X.509 cert 'Build time autogenerated kernel key: a2268f7e4ca1e818c997a5071614f42c2a90855b'
[    2.698774] zswap: loaded using pool lzo/zbud
[    2.702772] Key type trusted registered
[    2.706603] Key type encrypted registered
[    2.706614] AppArmor: AppArmor sha1 policy hashing enabled
[    2.706618] ima: No TPM chip found, activating TPM-bypass!
[    2.706646] evm: HMAC attrs: 0x1
[    2.707043]   Magic number: 1:911:770
[    2.707161] rtc_cmos 00:01: setting system clock to 2017-01-01 06:46:37 UTC (1483253197)
[    2.707236] BIOS EDD facility v0.16 2004-Jun-25, 0 devices found
[    2.707237] EDD information not available.
[    2.707317] PM: Hibernation image not present or could not be loaded.
[    2.708858] Freeing unused kernel memory: 1484K (ffffffff81f44000 - ffffffff820b7000)
[    2.708861] Write protecting the kernel read-only data: 14336k
[    2.709387] Freeing unused kernel memory: 1796K (ffff88000183f000 - ffff880001a00000)
[    2.709785] Freeing unused kernel memory: 136K (ffff880001dde000 - ffff880001e00000)
[    2.720778] random: systemd-udevd: uninitialized urandom read (16 bytes read, 7 bits of entropy available)
[    2.720862] random: systemd-udevd: uninitialized urandom read (16 bytes read, 7 bits of entropy available)
[    2.720879] random: systemd-udevd: uninitialized urandom read (16 bytes read, 7 bits of entropy available)
[    2.721379] random: udevadm: uninitialized urandom read (16 bytes read, 7 bits of entropy available)
[    2.721433] random: udevadm: uninitialized urandom read (16 bytes read, 7 bits of entropy available)
[    2.721722] random: udevadm: uninitialized urandom read (16 bytes read, 7 bits of entropy available)
[    2.721785] random: udevadm: uninitialized urandom read (16 bytes read, 7 bits of entropy available)
[    2.721845] random: udevadm: uninitialized urandom read (16 bytes read, 7 bits of entropy available)
[    2.721902] random: udevadm: uninitialized urandom read (16 bytes read, 7 bits of entropy available)
[    2.721969] random: udevadm: uninitialized urandom read (16 bytes read, 7 bits of entropy available)
[    2.759203] input: AT Translated Set 2 keyboard as /devices/platform/i8042/serio0/input/input4
[    2.862516] FUJITSU Extended Socket Network Device Driver - version 1.0 - Copyright (c) 2015 FUJITSU LIMITED
[    2.863574] wmi: Mapper loaded
[    2.918260] usb 1-1: new high-speed USB device number 2 using ehci-pci
[    2.934253] usb 2-1: new high-speed USB device number 2 using ehci-pci
[    2.988339] rtsx_pci 0000:04:00.0: rtsx_pci_acquire_irq: pcr->msi_en = 1, pci->irq = 29
[    2.989625] [drm] Initialized drm 1.1.0 20060810
[    2.993242] ahci 0000:00:1f.2: version 3.0
[    2.993417] ahci 0000:00:1f.2: SSS flag set, parallel bus scan disabled
[    3.006185] ahci 0000:00:1f.2: AHCI 0001.0300 32 slots 6 ports 6 Gbps 0x5 impl SATA mode
[    3.006190] ahci 0000:00:1f.2: flags: 64bit ncq sntf stag pm led clo pio slum part ems apst 
[    3.015603] atl1c 0000:02:00.0: version 1.0.1.1-NAPI
[    3.015772] scsi host0: ahci
[    3.015943] scsi host1: ahci
[    3.022208] scsi host2: ahci
[    3.025693] scsi host3: ahci
[    3.029408] scsi host4: ahci
[    3.029562] scsi host5: ahci
[    3.029621] ata1: SATA max UDMA/133 abar m2048@0xc0808000 port 0xc0808100 irq 30
[    3.029623] ata2: DUMMY
[    3.029627] ata3: SATA max UDMA/133 abar m2048@0xc0808000 port 0xc0808200 irq 30
[    3.029628] ata4: DUMMY
[    3.029629] ata5: DUMMY
[    3.029630] ata6: DUMMY
[    3.030666] [drm] Memory usable by graphics device = 2048M
[    3.030672] checking generic (b0000000 410000) vs hw (b0000000 10000000)
[    3.030675] fb: switching to inteldrmfb from VESA VGA
[    3.030711] Console: switching to colour dummy device 80x25
[    3.030841] [drm] Replacing VGA console driver
[    3.037389] [drm] Supports vblank timestamp caching Rev 2 (21.10.2013).
[    3.037391] [drm] Driver supports precise vblank timestamp query.
[    3.038066] vgaarb: device changed decodes: PCI:0000:00:02.0,olddecodes=io+mem,decodes=io+mem:owns=io+mem
[    3.051985] atl1c 0000:02:00.0 enp2s0: renamed from eth0
[    3.055551] usb 1-1: New USB device found, idVendor=8087, idProduct=0024
[    3.055555] usb 1-1: New USB device strings: Mfr=0, Product=0, SerialNumber=0
[    3.055840] hub 1-1:1.0: USB hub found
[    3.056440] hub 1-1:1.0: 6 ports detected
[    3.066829] usb 2-1: New USB device found, idVendor=8087, idProduct=0024
[    3.066833] usb 2-1: New USB device strings: Mfr=0, Product=0, SerialNumber=0
[    3.067103] hub 2-1:1.0: USB hub found
[    3.067169] hub 2-1:1.0: 6 ports detected
[    3.068482] ACPI: Video Device [GFX0] (multi-head: yes  rom: no  post: no)
[    3.068905] fbcon: inteldrmfb (fb0) is primary device
[    3.068988] Console: switching to colour frame buffer device 170x48
[    3.069011] i915 0000:00:02.0: fb0: inteldrmfb frame buffer device
[    3.326221] usb 1-1.3: new high-speed USB device number 3 using ehci-pci
[    3.353958] ata1: SATA link up 3.0 Gbps (SStatus 123 SControl 300)
[    3.356131] ata1.00: ATA-8: WDC WD5000BPVT-22HXZT3, 01.01A01, max UDMA/133
[    3.356141] ata1.00: 976773168 sectors, multi 0: LBA48 NCQ (depth 31/32), AA
[    3.358477] ata1.00: configured for UDMA/133
[    3.358786] scsi 0:0:0:0: Direct-Access     ATA      WDC WD5000BPVT-2 1A01 PQ: 0 ANSI: 5
[    3.359150] sd 0:0:0:0: [sda] 976773168 512-byte logical blocks: (500 GB/466 GiB)
[    3.359155] sd 0:0:0:0: [sda] 4096-byte physical blocks
[    3.359206] sd 0:0:0:0: Attached scsi generic sg0 type 0
[    3.359264] sd 0:0:0:0: [sda] Write Protect is off
[    3.359269] sd 0:0:0:0: [sda] Mode Sense: 00 3a 00 00
[    3.359308] sd 0:0:0:0: [sda] Write cache: enabled, read cache: enabled, doesn't support DPO or FUA
[    3.426304] acpi device:2f: registered as cooling_device4
[    3.426422] input: Video Bus as /devices/LNXSYSTM:00/LNXSYBUS:00/PNP0A08:00/LNXVIDEO:00/input/input7
[    3.426682] [drm] Initialized i915 1.6.0 20151010 for 0000:00:02.0 on minor 0
[    3.454371] clocksource: Switched to clocksource tsc
[    3.520273]  sda: sda1 sda2 sda3 sda4 < sda5 sda6 sda7 sda8 sda9 sda10 sda11 sda12 sda13 >
[    3.521109] sd 0:0:0:0: [sda] Attached SCSI disk
[    3.581247] usb 1-1.3: New USB device found, idVendor=064e, idProduct=c21c
[    3.581258] usb 1-1.3: New USB device strings: Mfr=1, Product=2, SerialNumber=3
[    3.581264] usb 1-1.3: Product: 1.3M HD WebCam
[    3.581269] usb 1-1.3: Manufacturer: SuYin
[    3.581273] usb 1-1.3: SerialNumber: HF1316-P80A-SS06-VA-R01.01.00
[    3.678218] ata3: SATA link up 1.5 Gbps (SStatus 113 SControl 300)
[    3.680474] ata3.00: ATAPI: MATSHITADVD-RAM UJ8B2, 1.00, max UDMA/100
[    3.682837] ata3.00: configured for UDMA/100
[    3.686414] scsi 2:0:0:0: CD-ROM            MATSHITA DVD-RAM UJ8B2    1.00 PQ: 0 ANSI: 5
[    3.704011] sr 2:0:0:0: [sr0] scsi3-mmc drive: 24x/24x writer dvd-ram cd/rw xa/form2 cdda tray
[    3.704021] cdrom: Uniform CD-ROM driver Revision: 3.20
[    3.704245] sr 2:0:0:0: Attached scsi CD-ROM sr0
[    3.704331] sr 2:0:0:0: Attached scsi generic sg1 type 5
[    4.646766] psmouse serio1: elantech: assuming hardware version 3 (with firmware version 0x450f01)
[    4.700419] psmouse serio1: elantech: Synaptics capabilities query result 0x68, 0x15, 0x0a.
[    4.754730] psmouse serio1: elantech: Elan sample query result 04, 0b, 00
[    5.034344] input: ETPS/2 Elantech Touchpad as /devices/platform/i8042/serio1/input/input6
[    6.623122] random: nonblocking pool is initialized
[    6.659974] EXT4-fs (sda13): mounting ext3 file system using the ext4 subsystem
[    6.680881] EXT4-fs (sda13): mounted filesystem with ordered data mode. Opts: (null)
[    8.701978] systemd[1]: systemd 229 running in system mode. (+PAM +AUDIT +SELINUX +IMA +APPARMOR +SMACK +SYSVINIT +UTMP +LIBCRYPTSETUP +GCRYPT +GNUTLS +ACL +XZ -LZ4 +SECCOMP +BLKID +ELFUTILS +KMOD -IDN)
[    8.702124] systemd[1]: Detected architecture x86-64.
[    8.714532] systemd[1]: Set hostname to <gah>.
[   11.091799] systemd[1]: Created slice System Slice.
[   11.091856] systemd[1]: Reached target User and Group Name Lookups.
[   11.091896] systemd[1]: Listening on udev Kernel Socket.
[   11.091962] systemd[1]: Created slice User and Session Slice.
[   11.091977] systemd[1]: Reached target Slices.
[   11.092033] systemd[1]: Listening on Journal Socket.
[   11.142039] systemd[1]: Starting Load Kernel Modules...
[   11.142718] systemd[1]: Starting Create list of required static device nodes for the current kernel...
[   11.143190] systemd[1]: Mounting Debug File System...
[   11.143735] systemd[1]: Mounting POSIX Message Queue File System...
[   11.144245] systemd[1]: Starting Set console keymap...
[   11.144877] systemd[1]: Started Braille Device Support.
[   11.145094] systemd[1]: Listening on udev Control Socket.
[   11.145545] systemd[1]: Started Read required files in advance.
[   11.145639] systemd[1]: Listening on fsck to fsckd communication Socket.
[   11.145720] systemd[1]: Listening on Journal Socket (/dev/log).
[   11.145893] systemd[1]: Set up automount Arbitrary Executable File Formats File System Automount Point.
[   11.282915] systemd[1]: Started Forward Password Requests to Wall Directory Watch.
[   11.295327] systemd[1]: Listening on /dev/initctl Compatibility Named Pipe.
[   11.309802] systemd[1]: Starting Uncomplicated firewall...
[   11.309823] systemd[1]: Reached target Encrypted Volumes.
[   11.310351] systemd[1]: Mounting Huge Pages File System...
[   11.310508] systemd[1]: Listening on Journal Audit Socket.
[   11.310552] systemd[1]: Reached target Remote File Systems (Pre).
[   11.310580] systemd[1]: Reached target Remote File Systems.
[   11.310649] systemd[1]: Listening on Syslog Socket.
[   11.311314] systemd[1]: Starting Journal Service...
[   11.599011] systemd[1]: Started Create list of required static device nodes for the current kernel.
[   11.609896] systemd[1]: Starting Create Static Device Nodes in /dev...
[   11.703957] systemd[1]: Started Uncomplicated firewall.
[   11.955312] lp: driver loaded but no devices found
[   12.039097] ppdev: user-space parallel port driver
[   12.294023] systemd[1]: Started Load Kernel Modules.
[   12.317737] systemd[1]: Mounting FUSE Control File System...
[   12.318374] systemd[1]: Starting Apply Kernel Variables...
[   12.415552] systemd[1]: Started Journal Service.
[   14.879687] EXT4-fs (sda13): re-mounted. Opts: errors=remount-ro
[   15.108363] systemd-journald[273]: Received request to flush runtime journal from PID 1
[   16.283190] ACPI Warning: SystemIO range 0x0000000000000428-0x000000000000042F conflicts with OpRegion 0x0000000000000400-0x000000000000047F (\PMIO) (20150930/utaddress-254)
[   16.283197] ACPI: If an ACPI driver is available for this device, you should use it instead of the native driver
[   16.283202] ACPI Warning: SystemIO range 0x0000000000000540-0x000000000000054F conflicts with OpRegion 0x0000000000000500-0x0000000000000563 (\GPIO) (20150930/utaddress-254)
[   16.283205] ACPI: If an ACPI driver is available for this device, you should use it instead of the native driver
[   16.283207] ACPI Warning: SystemIO range 0x0000000000000530-0x000000000000053F conflicts with OpRegion 0x0000000000000500-0x0000000000000563 (\GPIO) (20150930/utaddress-254)
[   16.283210] ACPI: If an ACPI driver is available for this device, you should use it instead of the native driver
[   16.283211] ACPI Warning: SystemIO range 0x0000000000000500-0x000000000000052F conflicts with OpRegion 0x0000000000000500-0x0000000000000563 (\GPIO) (20150930/utaddress-254)
[   16.283214] ACPI: If an ACPI driver is available for this device, you should use it instead of the native driver
[   16.283215] lpc_ich: Resource conflict(s) found affecting gpio_ich
[   16.594935] shpchp: Standard Hot Plug PCI Controller Driver version: 0.4
[   18.185472] intel_rapl: Found RAPL domain package
[   18.185477] intel_rapl: Found RAPL domain core
[   18.185480] intel_rapl: Found RAPL domain uncore
[   18.185488] intel_rapl: RAPL package 0 domain package locked by BIOS
[   18.226346] acer_wmi: Acer Laptop ACPI-WMI Extras
[   18.226358] acer_wmi: Function bitmap for Communication Button: 0x801
[   18.226576] input: Acer WMI hotkeys as /devices/virtual/input/input8
[   18.226836] input: Acer BMA150 accelerometer as /devices/virtual/input/input9
[   18.665312] usb 1-1.6: new full-speed USB device number 4 using ehci-pci
[   18.718278] snd_hda_codec_conexant hdaudioC0D0: CX20588: BIOS auto-probing.
[   18.718751] snd_hda_codec_conexant hdaudioC0D0: autoconfig for CX20588: line_outs=1 (0x1f/0x0/0x0/0x0/0x0) type:speaker
[   18.718754] snd_hda_codec_conexant hdaudioC0D0:    speaker_outs=0 (0x0/0x0/0x0/0x0/0x0)
[   18.718756] snd_hda_codec_conexant hdaudioC0D0:    hp_outs=1 (0x19/0x0/0x0/0x0/0x0)
[   18.718758] snd_hda_codec_conexant hdaudioC0D0:    mono: mono_out=0x0
[   18.718760] snd_hda_codec_conexant hdaudioC0D0:    dig-out=0x20/0x0
[   18.718761] snd_hda_codec_conexant hdaudioC0D0:    inputs:
[   18.718764] snd_hda_codec_conexant hdaudioC0D0:      Internal Mic=0x23
[   18.718766] snd_hda_codec_conexant hdaudioC0D0:      Mic=0x1b
[   18.719976] snd_hda_codec_conexant hdaudioC0D0: Enable sync_write for stable communication
[   18.759222] usb 1-1.6: New USB device found, idVendor=0489, idProduct=e03c
[   18.759232] usb 1-1.6: New USB device strings: Mfr=1, Product=2, SerialNumber=3
[   18.759238] usb 1-1.6: Product: Bluetooth USB Host Controller
[   18.759243] usb 1-1.6: Manufacturer: Atheros Communications
[   18.759248] usb 1-1.6: SerialNumber: Alaska Day 2006
[   19.266966] input: HDA Intel PCH Mic as /devices/pci0000:00/0000:00:1b.0/sound/card0/input10
[   19.267039] input: HDA Intel PCH Headphone as /devices/pci0000:00/0000:00:1b.0/sound/card0/input11
[   19.267104] input: HDA Intel PCH HDMI/DP,pcm=3 as /devices/pci0000:00/0000:00:1b.0/sound/card0/input12
[   19.379667] ath: phy0: ASPM enabled: 0x42
[   19.379671] ath: EEPROM regdomain: 0x65
[   19.379673] ath: EEPROM indicates we should expect a direct regpair map
[   19.379674] ath: Country alpha2 being used: 00
[   19.379676] ath: Regpair used: 0x65
[   20.242423] ieee80211 phy0: Selected rate control algorithm 'minstrel_ht'
[   20.242770] ieee80211 phy0: Atheros AR9287 Rev:2 mem=0xffffc90001420000, irq=17
[   20.775429] ath9k 0000:03:00.0 wlp3s0: renamed from wlan0
[   21.283931] usb 1-1.6: USB disconnect, device number 4
[   21.928761] media: Linux media interface: v0.10
[   22.129550] Bluetooth: Core ver 2.21
[   22.129574] NET: Registered protocol family 31
[   22.129576] Bluetooth: HCI device and connection manager initialized
[   22.129581] Bluetooth: HCI socket layer initialized
[   22.129584] Bluetooth: L2CAP socket layer initialized
[   22.129591] Bluetooth: SCO socket layer initialized
[   22.153962] Linux video capture interface: v2.00
[   22.289307] usbcore: registered new interface driver btusb
[   22.318647] usbcore: registered new interface driver ath3k
[   22.401339] uvcvideo: Found UVC 1.00 device 1.3M HD WebCam (064e:c21c)
[   22.418477] input: 1.3M HD WebCam as /devices/pci0000:00/0000:00:1a.0/usb1/1-1/1-1.3/1-1.3:1.0/input/input13
[   22.418569] usbcore: registered new interface driver uvcvideo
[   22.418572] USB Video Class driver (1.1.1)
[   22.625629] Adding 975868k swap on /dev/sda6.  Priority:-1 extents:1 across:975868k FS
[   22.836447] cfg80211: World regulatory domain updated:
[   22.836452] cfg80211:  DFS Master region: unset
[   22.836453] cfg80211:   (start_freq - end_freq @ bandwidth), (max_antenna_gain, max_eirp), (dfs_cac_time)
[   22.836456] cfg80211:   (2402000 KHz - 2472000 KHz @ 40000 KHz), (N/A, 2000 mBm), (N/A)
[   22.836458] cfg80211:   (2457000 KHz - 2482000 KHz @ 40000 KHz), (N/A, 2000 mBm), (N/A)
[   22.836460] cfg80211:   (2474000 KHz - 2494000 KHz @ 20000 KHz), (N/A, 2000 mBm), (N/A)
[   22.836463] cfg80211:   (5170000 KHz - 5250000 KHz @ 80000 KHz, 160000 KHz AUTO), (N/A, 2000 mBm), (N/A)
[   22.836465] cfg80211:   (5250000 KHz - 5330000 KHz @ 80000 KHz, 160000 KHz AUTO), (N/A, 2000 mBm), (0 s)
[   22.836467] cfg80211:   (5490000 KHz - 5730000 KHz @ 160000 KHz), (N/A, 2000 mBm), (0 s)
[   22.836468] cfg80211:   (5735000 KHz - 5835000 KHz @ 80000 KHz), (N/A, 2000 mBm), (N/A)
[   22.836470] cfg80211:   (57240000 KHz - 63720000 KHz @ 2160000 KHz), (N/A, 0 mBm), (N/A)
[   24.774892] audit: type=1400 audit(1483253219.567:2): apparmor="STATUS" operation="profile_load" profile="unconfined" name="/usr/lib/lightdm/lightdm-guest-session" pid=719 comm="apparmor_parser"
[   24.774905] audit: type=1400 audit(1483253219.567:3): apparmor="STATUS" operation="profile_load" profile="unconfined" name="/usr/lib/lightdm/lightdm-guest-session//chromium" pid=719 comm="apparmor_parser"
[   24.830820] audit: type=1400 audit(1483253219.619:4): apparmor="STATUS" operation="profile_load" profile="unconfined" name="webbrowser-app" pid=723 comm="apparmor_parser"
[   24.830833] audit: type=1400 audit(1483253219.619:5): apparmor="STATUS" operation="profile_load" profile="unconfined" name="webbrowser-app//oxide_helper" pid=723 comm="apparmor_parser"
[   24.833664] audit: type=1400 audit(1483253219.623:6): apparmor="STATUS" operation="profile_load" profile="unconfined" name="/usr/sbin/cups-browsed" pid=725 comm="apparmor_parser"
[   24.876852] audit: type=1400 audit(1483253219.663:7): apparmor="STATUS" operation="profile_load" profile="unconfined" name="/sbin/dhclient" pid=720 comm="apparmor_parser"
[   24.876863] audit: type=1400 audit(1483253219.663:8): apparmor="STATUS" operation="profile_load" profile="unconfined" name="/usr/lib/NetworkManager/nm-dhcp-client.action" pid=720 comm="apparmor_parser"
[   24.876869] audit: type=1400 audit(1483253219.663:9): apparmor="STATUS" operation="profile_load" profile="unconfined" name="/usr/lib/NetworkManager/nm-dhcp-helper" pid=720 comm="apparmor_parser"
[   24.876874] audit: type=1400 audit(1483253219.663:10): apparmor="STATUS" operation="profile_load" profile="unconfined" name="/usr/lib/connman/scripts/dhclient-script" pid=720 comm="apparmor_parser"
[   24.879150] audit: type=1400 audit(1483253219.667:11): apparmor="STATUS" operation="profile_load" profile="unconfined" name="/usr/sbin/ippusbxd" pid=727 comm="apparmor_parser"
[   30.088680] vboxdrv: module verification failed: signature and/or required key missing - tainting kernel
[   30.092754] vboxdrv: Found 4 processor cores
[   30.108800] vboxdrv: TSC mode is Invariant, tentative frequency 2095238882 Hz
[   30.108803] vboxdrv: Successfully loaded version 5.1.8 (interface 0x00280000)
[   40.323254] IPv6: ADDRCONF(NETDEV_UP): wlp3s0: link is not ready
[   40.341995] IPv6: ADDRCONF(NETDEV_UP): wlp3s0: link is not ready
[   40.348279] IPv6: ADDRCONF(NETDEV_UP): enp2s0: link is not ready
[   40.369708] IPv6: ADDRCONF(NETDEV_UP): enp2s0: link is not ready
[   41.529191] IPv6: ADDRCONF(NETDEV_UP): wlp3s0: link is not ready
[   42.440608] wlp3s0: authenticate with c0:4a:00:49:f9:28
[   42.457145] wlp3s0: send auth to c0:4a:00:49:f9:28 (try 1/3)
[   42.459201] wlp3s0: authenticated
[   42.459988] wlp3s0: associate with c0:4a:00:49:f9:28 (try 1/3)
[   42.463862] wlp3s0: RX AssocResp from c0:4a:00:49:f9:28 (capab=0x431 status=0 aid=4)
[   42.464016] wlp3s0: associated
[   42.464055] IPv6: ADDRCONF(NETDEV_CHANGE): wlp3s0: link becomes ready
[   79.311726] Bluetooth: BNEP (Ethernet Emulation) ver 1.3
[   79.311730] Bluetooth: BNEP filters: protocol multicast
[   79.311735] Bluetooth: BNEP socket layer initialized
[  132.518147] usb 3-1: new full-speed USB device number 2 using xhci_hcd
[  132.684913] usb 3-1: New USB device found, idVendor=046d, idProduct=c52f
[  132.684923] usb 3-1: New USB device strings: Mfr=1, Product=2, SerialNumber=0
[  132.684927] usb 3-1: Product: USB Receiver
[  132.684931] usb 3-1: Manufacturer: Logitech
[  132.828809] hidraw: raw HID events driver (C) Jiri Kosina
[  132.958270] usbcore: registered new interface driver usbhid
[  132.958278] usbhid: USB HID core driver
[  132.978095] input: Logitech USB Receiver as /devices/pci0000:00/0000:00:1c.3/0000:05:00.0/usb3/3-1/3-1:1.0/0003:046D:C52F.0001/input/input14
[  133.030976] hid-generic 0003:046D:C52F.0001: input,hidraw0: USB HID v1.11 Mouse [Logitech USB Receiver] on usb-0000:05:00.0-1/input0
[  133.042249] input: Logitech USB Receiver as /devices/pci0000:00/0000:00:1c.3/0000:05:00.0/usb3/3-1/3-1:1.1/0003:046D:C52F.0002/input/input15
[  133.095245] hid-generic 0003:046D:C52F.0002: input,hiddev0,hidraw1: USB HID v1.11 Device [Logitech USB Receiver] on usb-0000:05:00.0-1/input1
[ 2131.750526] EXT4-fs (sda11): mounting ext3 file system using the ext4 subsystem
[ 2131.862195] EXT4-fs (sda11): mounted filesystem with ordered data mode. Opts: (null)
[ 2132.779302] EXT4-fs (sda5): mounting ext3 file system using the ext4 subsystem
[ 2132.878184] EXT4-fs (sda5): mounted filesystem with ordered data mode. Opts: (null)
[ 2133.824511] EXT4-fs (sda7): mounting ext3 file system using the ext4 subsystem
[ 2133.880902] EXT4-fs (sda7): mounted filesystem with ordered data mode. Opts: (null)
[ 2134.813821] EXT4-fs (sda9): mounted filesystem with ordered data mode. Opts: (null)
[ 2135.675263] EXT4-fs (sda8): mounting ext3 file system using the ext4 subsystem
[ 2135.849218] EXT4-fs (sda8): warning: maximal mount count reached, running e2fsck is recommended
[ 2135.898230] EXT4-fs (sda8): mounted filesystem with ordered data mode. Opts: (null)
[ 2136.472528] EXT4-fs (sda10): mounting ext3 file system using the ext4 subsystem
[ 2136.628644] EXT4-fs (sda10): mounted filesystem with ordered data mode. Opts: (null)
[ 2893.105915] test: Unknown symbol callb_chg_srcip (err 0)
[ 3110.545589] test: module license 'unspecified' taints kernel.
[ 3110.545596] Disabling lock debugging due to kernel taint
[ 3617.254696] module: module is already loaded
[ 3719.223267] src IP 127.0.0.1
[ 3719.234134] src IP 101.102.103.11
[ 3721.166999] src IP 127.0.0.1
[ 3721.215914] src IP 101.102.103.11
[ 3724.228010] src IP 127.0.0.1
[ 3724.234285] src IP 101.102.103.11
[ 3726.167490] src IP 127.0.0.1
[ 3726.175735] src IP 101.102.103.11
[ 3728.141943] src IP 101.102.103.11
[ 3728.243903] src IP 101.102.103.11
[ 3728.347450] src IP 101.102.103.11
[ 3728.449472] src IP 101.102.103.11
[ 3728.551687] src IP 101.102.103.11
[ 3728.655580] src IP 101.102.103.11
[ 3728.755863] src IP 101.102.103.11
[ 3728.858502] src IP 101.102.103.11
[ 3728.963845] src IP 101.102.103.11
[ 3729.064751] src IP 101.102.103.11
[ 3729.165441] src IP 101.102.103.11
[ 3729.232944] src IP 127.0.0.1
[ 3729.243267] src IP 101.102.103.11
[ 3729.267874] src IP 101.102.103.11
[ 3729.372181] src IP 101.102.103.11
[ 3731.172301] src IP 127.0.0.1
[ 3731.178534] src IP 101.102.103.11
[ 3734.235082] src IP 127.0.0.1
[ 3734.243595] src IP 101.102.103.11
[ 3736.177087] src IP 127.0.0.1
[ 3736.185395] src IP 101.102.103.11
[ 3739.240345] src IP 127.0.0.1
[ 3739.248640] src IP 101.102.103.11
[ 3741.182241] src IP 127.0.0.1
[ 3741.190339] src IP 101.102.103.11
[ 3744.240448] src IP 127.0.0.1
[ 3744.246427] src IP 101.102.103.11
[ 3746.186789] src IP 127.0.0.1
[ 3746.194412] src IP 101.102.103.11
[ 3746.879024] src IP 101.102.103.11
[ 3749.132488] src IP 101.102.103.11
[ 3749.236538] src IP 101.102.103.11
[ 3749.245330] src IP 127.0.0.1
[ 3749.257147] src IP 101.102.103.11
[ 3749.338435] src IP 101.102.103.11
[ 3749.439358] src IP 101.102.103.11
[ 3749.541833] src IP 101.102.103.11
[ 3749.644471] src IP 101.102.103.11
[ 3749.746852] src IP 101.102.103.11
[ 3749.849277] src IP 101.102.103.11
[ 3749.951698] src IP 101.102.103.11
[ 3750.056434] src IP 101.102.103.11
[ 3750.156484] src IP 101.102.103.11
[ 3750.259156] src IP 101.102.103.11
[ 3750.361411] src IP 101.102.103.11
[ 3751.191643] src IP 127.0.0.1
[ 3751.197963] src IP 101.102.103.11
[ 3751.301959] src IP 101.102.103.103
[ 3754.250103] src IP 127.0.0.1
[ 3754.257704] src IP 101.102.103.11
[ 3896.171367] src IP 101.102.103.11
[ 3896.273425] src IP 101.102.103.11
[ 3896.375911] src IP 101.102.103.11
[ 3896.477964] src IP 101.102.103.11
[ 3896.580530] src IP 101.102.103.11
[ 3896.683023] src IP 101.102.103.11
[ 3896.783693] src IP 101.102.103.11
[ 3896.887726] src IP 101.102.103.11
[ 3896.990451] src IP 101.102.103.11
[ 3897.096055] src IP 101.102.103.11
[ 3897.193344] src IP 101.102.103.11
[ 3897.296204] src IP 101.102.103.11
[ 3897.397977] src IP 101.102.103.11
[ 3899.717183] src IP 14.215.177.37
[ 3899.729234] src IP 14.215.177.37
[ 3899.730077] src IP 14.215.177.37
[ 3899.730113] src IP 14.215.177.37
[ 3899.731406] src IP 14.215.177.37
[ 3899.731442] src IP 14.215.177.37
[ 3899.731451] src IP 14.215.177.37
[ 3899.731461] src IP 14.215.177.37
[ 3899.731469] src IP 14.215.177.37
[ 3899.731476] src IP 14.215.177.37
[ 3899.731486] src IP 14.215.177.37
[ 3899.731493] src IP 14.215.177.37
[ 3899.731501] src IP 14.215.177.37
[ 3899.732466] src IP 14.215.177.37
[ 3899.732504] src IP 14.215.177.37
[ 3899.732512] src IP 14.215.177.37
[ 3899.732521] src IP 14.215.177.37
[ 3899.732529] src IP 14.215.177.37
[ 3899.732538] src IP 14.215.177.37
[ 3899.732545] src IP 14.215.177.37
[ 3899.763028] src IP 14.215.177.37
[ 3899.763067] src IP 14.215.177.37
[ 3899.763088] src IP 14.215.177.37
[ 3899.763747] src IP 14.215.177.37
[ 3899.763792] src IP 14.215.177.37
[ 3899.763810] src IP 14.215.177.37
[ 3899.763825] src IP 14.215.177.37
[ 3899.929296] src IP 14.215.177.37
[ 3899.962701] src IP 14.215.177.37
[ 3900.141697] src IP 14.215.177.37
[ 3900.391994] src IP 14.215.177.37
[ 3900.565128] src IP 14.215.177.37
[ 3900.620636] src IP 119.146.74.32
[ 3900.828941] src IP 14.215.177.37
[ 3901.414189] src IP 14.215.177.37
[ 3901.614665] src IP 119.146.74.32
[ 3901.693959] src IP 14.215.177.37
[ 3902.622687] src IP 119.146.74.32
[ 3903.113774] src IP 14.215.177.37
[ 3903.429743] src IP 14.215.177.37
[ 3903.613920] src IP 119.146.74.32
[ 3906.516954] src IP 14.215.177.37
[ 3906.901645] src IP 14.215.177.37
[ 3913.316907] src IP 14.215.177.37
[ 3917.162146] src IP 101.102.103.11
[ 3917.262254] src IP 101.102.103.11
[ 3917.364743] src IP 101.102.103.11
[ 3917.469913] src IP 101.102.103.11
[ 3917.571803] src IP 101.102.103.11
[ 3917.671991] src IP 101.102.103.11
[ 3917.775466] src IP 101.102.103.11
[ 3917.878755] src IP 101.102.103.11
[ 3917.979097] src IP 101.102.103.11
[ 3918.083254] src IP 101.102.103.11
[ 3918.186607] src IP 101.102.103.11
[ 3918.286616] src IP 101.102.103.11
[ 3918.388734] src IP 101.102.103.11
[ 4083.113373] src IP 14.215.177.37
[ 4083.176509] src IP 119.146.74.32
[ 4084.114292] src IP 14.215.177.37
[ 4084.175121] src IP 119.146.74.32
[ 4085.085483] src IP 101.102.103.11
[ 4085.113405] src IP 14.215.177.37
[ 4085.174970] src IP 119.146.74.32
[ 4085.187900] src IP 101.102.103.11
[ 4085.290116] src IP 101.102.103.11
[ 4085.450470] src IP 14.215.177.37
[ 4085.459832] src IP 14.215.177.37
[ 4085.459863] src IP 14.215.177.37
[ 4085.460631] src IP 14.215.177.37
[ 4085.460685] src IP 14.215.177.37
[ 4085.460716] src IP 14.215.177.37
[ 4085.461341] src IP 14.215.177.37
[ 4085.461393] src IP 14.215.177.37
[ 4085.461424] src IP 14.215.177.37
[ 4085.461457] src IP 14.215.177.37
[ 4085.462034] src IP 14.215.177.37
[ 4085.462085] src IP 14.215.177.37
[ 4085.462111] src IP 14.215.177.37
[ 4085.462136] src IP 14.215.177.37
[ 4085.462176] src IP 14.215.177.37
[ 4085.462201] src IP 14.215.177.37
[ 4085.462225] src IP 14.215.177.37
[ 4085.462247] src IP 14.215.177.37
[ 4085.462269] src IP 14.215.177.37
[ 4085.462296] src IP 14.215.177.37
[ 4085.462321] src IP 14.215.177.37
[ 4085.485750] src IP 14.215.177.37
[ 4085.486193] src IP 14.215.177.37
[ 4085.486230] src IP 14.215.177.37
[ 4085.486268] src IP 14.215.177.37
[ 4085.486290] src IP 14.215.177.37
[ 4085.486313] src IP 14.215.177.37
[ 4085.496685] src IP 101.102.103.11
[ 4085.657673] src IP 14.215.177.37
[ 4085.682643] src IP 14.215.177.37
[ 4085.701442] src IP 101.102.103.11
[ 4085.802235] src IP 101.102.103.11
[ 4085.865315] src IP 14.215.177.37
[ 4086.007086] src IP 101.102.103.11
[ 4086.103650] src IP 14.215.177.37
[ 4086.109270] src IP 101.102.103.11
[ 4086.175913] src IP 119.146.74.32
[ 4086.212007] src IP 101.102.103.11
[ 4086.281877] src IP 14.215.177.37
[ 4086.314057] src IP 101.102.103.11
[ 4086.416476] src IP 101.102.103.11
[ 4086.529481] src IP 14.215.177.37
[ 4087.113158] src IP 14.215.177.37
[ 4087.381683] src IP 14.215.177.37
[ 4088.782096] src IP 14.215.177.37
[ 4089.085319] src IP 14.215.177.37
[ 4092.120007] src IP 14.215.177.37
[ 4092.493362] src IP 14.215.177.37
[ 4098.788829] src IP 14.215.177.37
[ 4299.499317] src IP 14.215.177.37
[ 4299.591914] src IP 119.146.74.32
[ 4300.497747] src IP 14.215.177.37
[ 4300.593342] src IP 119.146.74.32
[ 4301.499514] src IP 14.215.177.37
[ 4301.594717] src IP 119.146.74.32
[ 4302.497792] src IP 14.215.177.37
[ 4302.594755] src IP 119.146.74.32
[ 4302.684746] src IP 14.215.177.37
[ 4302.701702] src IP 14.215.177.37
[ 4302.701759] src IP 14.215.177.37
[ 4302.701766] src IP 14.215.177.37
[ 4302.701772] src IP 14.215.177.37
[ 4302.701778] src IP 14.215.177.37
[ 4302.701784] src IP 14.215.177.37
[ 4302.701790] src IP 14.215.177.37
[ 4302.701797] src IP 14.215.177.37
[ 4302.702414] src IP 14.215.177.37
[ 4302.702457] src IP 14.215.177.37
[ 4302.702497] src IP 14.215.177.37
[ 4302.702502] src IP 14.215.177.37
[ 4302.702508] src IP 14.215.177.37
[ 4302.702512] src IP 14.215.177.37
[ 4302.702516] src IP 14.215.177.37
[ 4302.702519] src IP 14.215.177.37
[ 4302.702525] src IP 14.215.177.37
[ 4302.702531] src IP 14.215.177.37
[ 4302.702535] src IP 14.215.177.37
[ 4302.702538] src IP 14.215.177.37
[ 4302.731758] src IP 14.215.177.37
[ 4302.731840] src IP 14.215.177.37
[ 4302.733813] src IP 14.215.177.37
[ 4302.733888] src IP 14.215.177.37
[ 4302.733920] src IP 14.215.177.37
[ 4302.733947] src IP 14.215.177.37
[ 4302.733970] src IP 14.215.177.37
[ 4302.893758] src IP 14.215.177.37
[ 4302.927936] src IP 14.215.177.37
[ 4303.106892] src IP 14.215.177.37
[ 4303.140877] src IP 14.215.177.37
[ 4303.358399] src IP 14.215.177.37
[ 4303.528913] src IP 14.215.177.37
[ 4303.793625] src IP 14.215.177.37
[ 4304.379676] src IP 14.215.177.37
[ 4304.661221] src IP 14.215.177.37
[ 4306.077289] src IP 14.215.177.37
[ 4306.398297] src IP 14.215.177.37
[ 4309.480718] src IP 14.215.177.37
[ 4309.867696] src IP 14.215.177.37
[ 5736.388873] src IP 172.217.24.14
[ 5736.388933] src IP 172.217.24.14
[ 5736.409907] src IP 203.208.48.65
[ 5736.449018] src IP 203.208.48.65
[ 5736.621925] src IP 172.217.24.14
[ 5736.626317] src IP 172.217.24.14
[ 5736.664164] src IP 203.208.48.65
[ 5736.694299] src IP 203.208.48.65
[ 5736.866773] src IP 172.217.24.14
[ 5736.924589] src IP 203.208.48.65
[ 5737.195122] src IP 203.208.48.65
[ 5737.320384] src IP 172.217.24.14
[ 5737.346557] src IP 172.217.24.14
[ 5737.442610] src IP 203.208.48.65
[ 5737.696680] src IP 203.208.48.65
[ 5737.786498] src IP 172.217.24.14
[ 5738.307968] src IP 172.217.24.14
[ 5738.487249] src IP 203.208.48.65
[ 5738.693873] src IP 203.208.48.65
[ 5738.718181] src IP 172.217.24.14
[ 6222.900943] src IP 101.102.103.103
[ 6227.055952] src IP 101.102.103.11
[ 6227.262970] src IP 101.102.103.11
[ 6227.365443] src IP 101.102.103.11
[ 6227.465942] src IP 101.102.103.11
[ 6227.570898] src IP 101.102.103.11
[ 6227.670493] src IP 101.102.103.11
[ 6227.773590] src IP 101.102.103.11
[ 6227.874959] src IP 101.102.103.11
[ 6227.979757] src IP 101.102.103.11
[ 6228.079774] src IP 101.102.103.11
[ 6228.183148] src IP 101.102.103.11
[ 6228.284570] src IP 101.102.103.11
[ 6233.200444] src IP 127.0.0.1
[ 6233.200568] src IP 127.0.0.1
[ 6233.211622] src IP 101.102.103.11
[ 6233.212609] src IP 101.102.103.11
[ 6238.201029] src IP 127.0.0.1
[ 6238.201088] src IP 127.0.0.1
[ 6238.207867] src IP 101.102.103.11
[ 6238.207979] src IP 101.102.103.11
[ 6243.206259] src IP 127.0.0.1
[ 6243.206300] src IP 127.0.0.1
[ 6243.212509] src IP 101.102.103.11
[ 6243.212564] src IP 101.102.103.11
[ 6246.716054] src IP 101.102.103.11
[ 6247.575918] src IP 101.102.103.103
[ 6248.049129] src IP 101.102.103.11
[ 6248.149157] src IP 101.102.103.11
[ 6248.211361] src IP 127.0.0.1
[ 6248.211405] src IP 127.0.0.1
[ 6248.219484] src IP 101.102.103.11
[ 6248.219533] src IP 101.102.103.11
[ 6248.251899] src IP 101.102.103.11
[ 6248.356340] src IP 101.102.103.11
[ 6248.456456] src IP 101.102.103.11
[ 6248.663756] src IP 101.102.103.11
[ 6248.765955] src IP 101.102.103.11
[ 6248.868881] src IP 101.102.103.11
[ 6249.073064] src IP 101.102.103.11
[ 6249.175515] src IP 101.102.103.11
[ 6249.277994] src IP 101.102.103.11
[ 6676.766241] dfirewall: Unknown symbol forward (err 0)
[ 6746.139842] out: 101.102.103.103 => 14.215.177.37 35254 -- 443
[ 6746.139846] post: 101.102.103.103 => 14.215.177.37 35254 -- 443
[ 6746.146277] pre: 14.215.177.37 => 101.102.103.103 443 -- 35254
[ 6746.146296] in: 14.215.177.37 => 101.102.103.103 443 -- 35254
[ 6746.146322] out: 101.102.103.103 => 14.215.177.37 35254 -- 443
[ 6746.146325] post: 101.102.103.103 => 14.215.177.37 35254 -- 443
[ 6746.146580] out: 101.102.103.103 => 14.215.177.37 35254 -- 443
[ 6746.146587] post: 101.102.103.103 => 14.215.177.37 35254 -- 443
[ 6746.154476] pre: 14.215.177.37 => 101.102.103.103 443 -- 35254
[ 6746.154491] in: 14.215.177.37 => 101.102.103.103 443 -- 35254
[ 6746.154527] pre: 14.215.177.37 => 101.102.103.103 443 -- 35254
[ 6746.154529] in: 14.215.177.37 => 101.102.103.103 443 -- 35254
[ 6746.154538] out: 101.102.103.103 => 14.215.177.37 35254 -- 443
[ 6746.154541] post: 101.102.103.103 => 14.215.177.37 35254 -- 443
[ 6746.155041] out: 101.102.103.103 => 14.215.177.37 35254 -- 443
[ 6746.155046] post: 101.102.103.103 => 14.215.177.37 35254 -- 443
[ 6746.155303] out: 101.102.103.103 => 14.215.177.37 35254 -- 443
[ 6746.155307] post: 101.102.103.103 => 14.215.177.37 35254 -- 443
[ 6746.161766] pre: 14.215.177.37 => 101.102.103.103 443 -- 35254
[ 6746.161791] in: 14.215.177.37 => 101.102.103.103 443 -- 35254
[ 6746.163767] pre: 14.215.177.37 => 101.102.103.103 443 -- 35254
[ 6746.163793] in: 14.215.177.37 => 101.102.103.103 443 -- 35254
[ 6746.173453] pre: 14.215.177.37 => 101.102.103.103 443 -- 35254
[ 6746.173475] in: 14.215.177.37 => 101.102.103.103 443 -- 35254
[ 6746.173531] pre: 14.215.177.37 => 101.102.103.103 443 -- 35254
[ 6746.173536] in: 14.215.177.37 => 101.102.103.103 443 -- 35254
[ 6746.173547] out: 101.102.103.103 => 14.215.177.37 35254 -- 443
[ 6746.173551] post: 101.102.103.103 => 14.215.177.37 35254 -- 443
[ 6746.174256] pre: 14.215.177.37 => 101.102.103.103 443 -- 35254
[ 6746.174272] in: 14.215.177.37 => 101.102.103.103 443 -- 35254
[ 6746.174296] pre: 14.215.177.37 => 101.102.103.103 443 -- 35254
[ 6746.174303] in: 14.215.177.37 => 101.102.103.103 443 -- 35254
[ 6746.174315] out: 101.102.103.103 => 14.215.177.37 35254 -- 443
[ 6746.174322] post: 101.102.103.103 => 14.215.177.37 35254 -- 443
[ 6746.174362] pre: 14.215.177.37 => 101.102.103.103 443 -- 35254
[ 6746.174368] in: 14.215.177.37 => 101.102.103.103 443 -- 35254
[ 6746.175052] pre: 14.215.177.37 => 101.102.103.103 443 -- 35254
[ 6746.175058] in: 14.215.177.37 => 101.102.103.103 443 -- 35254
[ 6746.175068] out: 101.102.103.103 => 14.215.177.37 35254 -- 443
[ 6746.175071] post: 101.102.103.103 => 14.215.177.37 35254 -- 443
[ 6746.175099] pre: 14.215.177.37 => 101.102.103.103 443 -- 35254
[ 6746.175102] in: 14.215.177.37 => 101.102.103.103 443 -- 35254
[ 6746.175112] pre: 14.215.177.37 => 101.102.103.103 443 -- 35254
[ 6746.175115] in: 14.215.177.37 => 101.102.103.103 443 -- 35254
[ 6746.175121] out: 101.102.103.103 => 14.215.177.37 35254 -- 443
[ 6746.175124] post: 101.102.103.103 => 14.215.177.37 35254 -- 443
[ 6746.175140] pre: 14.215.177.37 => 101.102.103.103 443 -- 35254
[ 6746.175143] in: 14.215.177.37 => 101.102.103.103 443 -- 35254
[ 6746.176706] pre: 14.215.177.37 => 101.102.103.103 443 -- 35254
[ 6746.176712] in: 14.215.177.37 => 101.102.103.103 443 -- 35254
[ 6746.176723] out: 101.102.103.103 => 14.215.177.37 35254 -- 443
[ 6746.176726] post: 101.102.103.103 => 14.215.177.37 35254 -- 443
[ 6746.176752] pre: 14.215.177.37 => 101.102.103.103 443 -- 35254
[ 6746.176755] in: 14.215.177.37 => 101.102.103.103 443 -- 35254
[ 6746.176765] pre: 14.215.177.37 => 101.102.103.103 443 -- 35254
[ 6746.176768] in: 14.215.177.37 => 101.102.103.103 443 -- 35254
[ 6746.176774] out: 101.102.103.103 => 14.215.177.37 35254 -- 443
[ 6746.176776] post: 101.102.103.103 => 14.215.177.37 35254 -- 443
[ 6746.176791] pre: 14.215.177.37 => 101.102.103.103 443 -- 35254
[ 6746.176794] in: 14.215.177.37 => 101.102.103.103 443 -- 35254
[ 6746.176802] pre: 14.215.177.37 => 101.102.103.103 443 -- 35254
[ 6746.176805] in: 14.215.177.37 => 101.102.103.103 443 -- 35254
[ 6746.176812] pre: 14.215.177.37 => 101.102.103.103 443 -- 35254
[ 6746.176814] in: 14.215.177.37 => 101.102.103.103 443 -- 35254
[ 6746.176830] out: 101.102.103.103 => 14.215.177.37 35254 -- 443
[ 6746.176831] pre: 14.215.177.37 => 101.102.103.103 443 -- 35254
[ 6746.176835] in: 14.215.177.37 => 101.102.103.103 443 -- 35254
[ 6746.176839] post: 101.102.103.103 => 14.215.177.37 35254 -- 443
[ 6746.176841] pre: 14.215.177.37 => 101.102.103.103 443 -- 35254
[ 6746.176843] in: 14.215.177.37 => 101.102.103.103 443 -- 35254
[ 6746.176849] pre: 14.215.177.37 => 101.102.103.103 443 -- 35254
[ 6746.176852] in: 14.215.177.37 => 101.102.103.103 443 -- 35254
[ 6746.176858] pre: 14.215.177.37 => 101.102.103.103 443 -- 35254
[ 6746.176860] in: 14.215.177.37 => 101.102.103.103 443 -- 35254
[ 6746.176863] out: 101.102.103.103 => 14.215.177.37 35254 -- 443
[ 6746.176866] pre: 14.215.177.37 => 101.102.103.103 443 -- 35254
[ 6746.176868] in: 14.215.177.37 => 101.102.103.103 443 -- 35254
[ 6746.176871] post: 101.102.103.103 => 14.215.177.37 35254 -- 443
[ 6746.176873] pre: 14.215.177.37 => 101.102.103.103 443 -- 35254
[ 6746.176876] in: 14.215.177.37 => 101.102.103.103 443 -- 35254
[ 6746.176879] out: 101.102.103.103 => 14.215.177.37 35254 -- 443
[ 6746.176881] post: 101.102.103.103 => 14.215.177.37 35254 -- 443
[ 6746.176883] pre: 14.215.177.37 => 101.102.103.103 443 -- 35254
[ 6746.176885] in: 14.215.177.37 => 101.102.103.103 443 -- 35254
[ 6746.176893] out: 101.102.103.103 => 14.215.177.37 35254 -- 443
[ 6746.176895] post: 101.102.103.103 => 14.215.177.37 35254 -- 443
[ 6746.180710] pre: 14.215.177.37 => 101.102.103.103 443 -- 35254
[ 6746.180718] in: 14.215.177.37 => 101.102.103.103 443 -- 35254
[ 6746.180734] out: 101.102.103.103 => 14.215.177.37 35254 -- 443
[ 6746.180737] post: 101.102.103.103 => 14.215.177.37 35254 -- 443
[ 6746.180961] pre: 14.215.177.37 => 101.102.103.103 443 -- 35254
[ 6746.180965] in: 14.215.177.37 => 101.102.103.103 443 -- 35254
[ 6746.180978] pre: 14.215.177.37 => 101.102.103.103 443 -- 35254
[ 6746.180981] in: 14.215.177.37 => 101.102.103.103 443 -- 35254
[ 6746.180988] out: 101.102.103.103 => 14.215.177.37 35254 -- 443
[ 6746.180991] post: 101.102.103.103 => 14.215.177.37 35254 -- 443
[ 6746.181438] pre: 14.215.177.37 => 101.102.103.103 443 -- 35254
[ 6746.181442] in: 14.215.177.37 => 101.102.103.103 443 -- 35254
[ 6746.181455] pre: 14.215.177.37 => 101.102.103.103 443 -- 35254
[ 6746.181457] in: 14.215.177.37 => 101.102.103.103 443 -- 35254
[ 6746.181463] out: 101.102.103.103 => 14.215.177.37 35254 -- 443
[ 6746.181466] post: 101.102.103.103 => 14.215.177.37 35254 -- 443
[ 6746.182038] pre: 14.215.177.37 => 101.102.103.103 443 -- 35254
[ 6746.182044] in: 14.215.177.37 => 101.102.103.103 443 -- 35254
[ 6746.182069] pre: 14.215.177.37 => 101.102.103.103 443 -- 35254
[ 6746.182075] in: 14.215.177.37 => 101.102.103.103 443 -- 35254
[ 6746.182082] out: 101.102.103.103 => 14.215.177.37 35254 -- 443
[ 6746.182086] post: 101.102.103.103 => 14.215.177.37 35254 -- 443
[ 6746.212079] out: 101.102.103.103 => 119.146.74.32 49262 -- 443
[ 6746.212084] post: 101.102.103.103 => 119.146.74.32 49262 -- 443
[ 6746.219702] pre: 119.146.74.32 => 101.102.103.103 443 -- 49262
[ 6746.219711] in: 119.146.74.32 => 101.102.103.103 443 -- 49262
[ 6746.219735] out: 101.102.103.103 => 119.146.74.32 49262 -- 443
[ 6746.219738] post: 101.102.103.103 => 119.146.74.32 49262 -- 443
[ 6746.219985] out: 101.102.103.103 => 119.146.74.32 49262 -- 443
[ 6746.219989] post: 101.102.103.103 => 119.146.74.32 49262 -- 443
[ 6746.227307] pre: 119.146.74.32 => 101.102.103.103 443 -- 49262
[ 6746.227313] in: 119.146.74.32 => 101.102.103.103 443 -- 49262
[ 6746.227639] pre: 119.146.74.32 => 101.102.103.103 443 -- 49262
[ 6746.227642] in: 119.146.74.32 => 101.102.103.103 443 -- 49262
[ 6746.227652] out: 101.102.103.103 => 119.146.74.32 49262 -- 443
[ 6746.227654] post: 101.102.103.103 => 119.146.74.32 49262 -- 443
[ 6746.228036] out: 101.102.103.103 => 119.146.74.32 49262 -- 443
[ 6746.228040] post: 101.102.103.103 => 119.146.74.32 49262 -- 443
[ 6746.235299] pre: 119.146.74.32 => 101.102.103.103 443 -- 49262
[ 6746.235306] in: 119.146.74.32 => 101.102.103.103 443 -- 49262
[ 6746.406423] out: 101.102.103.103 => 119.146.74.32 49262 -- 443
[ 6746.406430] post: 101.102.103.103 => 119.146.74.32 49262 -- 443
[ 6746.414404] pre: 119.146.74.32 => 101.102.103.103 443 -- 49262
[ 6746.414413] in: 119.146.74.32 => 101.102.103.103 443 -- 49262
[ 6746.415945] pre: 119.146.74.32 => 101.102.103.103 443 -- 49262
[ 6746.415949] in: 119.146.74.32 => 101.102.103.103 443 -- 49262
[ 6746.415963] pre: 119.146.74.32 => 101.102.103.103 443 -- 49262
[ 6746.415965] in: 119.146.74.32 => 101.102.103.103 443 -- 49262
[ 6746.415976] out: 101.102.103.103 => 119.146.74.32 49262 -- 443
[ 6746.415979] post: 101.102.103.103 => 119.146.74.32 49262 -- 443
[ 6746.416003] pre: 119.146.74.32 => 101.102.103.103 443 -- 49262
[ 6746.416005] in: 119.146.74.32 => 101.102.103.103 443 -- 49262
[ 6746.453943] out: 101.102.103.103 => 119.146.74.32 49262 -- 443
[ 6746.453948] post: 101.102.103.103 => 119.146.74.32 49262 -- 443
[ 6746.469519] out: 101.102.103.103 => 14.215.177.37 35254 -- 443
[ 6746.469525] post: 101.102.103.103 => 14.215.177.37 35254 -- 443
[ 6746.476556] pre: 14.215.177.37 => 101.102.103.103 443 -- 35254
[ 6746.476563] in: 14.215.177.37 => 101.102.103.103 443 -- 35254
[ 6746.480951] pre: 14.215.177.37 => 101.102.103.103 443 -- 35254
[ 6746.480957] in: 14.215.177.37 => 101.102.103.103 443 -- 35254
[ 6746.517939] out: 101.102.103.103 => 14.215.177.37 35254 -- 443
[ 6746.517943] post: 101.102.103.103 => 14.215.177.37 35254 -- 443
[ 6746.529767] out: 101.102.103.103 => 119.146.74.32 49262 -- 443
[ 6746.529773] post: 101.102.103.103 => 119.146.74.32 49262 -- 443
[ 6746.538199] pre: 119.146.74.32 => 101.102.103.103 443 -- 49262
[ 6746.538207] in: 119.146.74.32 => 101.102.103.103 443 -- 49262
[ 6746.540078] pre: 119.146.74.32 => 101.102.103.103 443 -- 49262
[ 6746.540084] in: 119.146.74.32 => 101.102.103.103 443 -- 49262
[ 6746.540097] out: 101.102.103.103 => 119.146.74.32 49262 -- 443
[ 6746.540099] post: 101.102.103.103 => 119.146.74.32 49262 -- 443
[ 6746.540132] pre: 119.146.74.32 => 101.102.103.103 443 -- 49262
[ 6746.540134] in: 119.146.74.32 => 101.102.103.103 443 -- 49262
[ 6746.540142] out: 101.102.103.103 => 119.146.74.32 49262 -- 443
[ 6746.540144] post: 101.102.103.103 => 119.146.74.32 49262 -- 443
[ 6746.540155] pre: 119.146.74.32 => 101.102.103.103 443 -- 49262
[ 6746.540157] in: 119.146.74.32 => 101.102.103.103 443 -- 49262
[ 6746.540162] out: 101.102.103.103 => 119.146.74.32 49262 -- 443
[ 6746.540163] post: 101.102.103.103 => 119.146.74.32 49262 -- 443
[ 6756.477266] out: 101.102.103.103 => 14.215.177.37 35254 -- 443
[ 6756.477278] post: 101.102.103.103 => 14.215.177.37 35254 -- 443
[ 6756.485405] pre: 14.215.177.37 => 101.102.103.103 443 -- 35254
[ 6756.485415] in: 14.215.177.37 => 101.102.103.103 443 -- 35254
[ 6756.537193] out: 101.102.103.103 => 119.146.74.32 49262 -- 443
[ 6756.537199] post: 101.102.103.103 => 119.146.74.32 49262 -- 443
[ 6756.546210] pre: 119.146.74.32 => 101.102.103.103 443 -- 49262
[ 6756.546220] in: 119.146.74.32 => 101.102.103.103 443 -- 49262
[ 6766.492511] out: 101.102.103.103 => 14.215.177.37 35254 -- 443
[ 6766.492551] post: 101.102.103.103 => 14.215.177.37 35254 -- 443
[ 6766.499259] pre: 14.215.177.37 => 101.102.103.103 443 -- 35254
[ 6766.499275] in: 14.215.177.37 => 101.102.103.103 443 -- 35254
[ 6766.556495] out: 101.102.103.103 => 119.146.74.32 49262 -- 443
[ 6766.556529] post: 101.102.103.103 => 119.146.74.32 49262 -- 443
[ 6766.566197] pre: 119.146.74.32 => 101.102.103.103 443 -- 49262
[ 6766.566209] in: 119.146.74.32 => 101.102.103.103 443 -- 49262
[ 6776.507735] out: 101.102.103.103 => 14.215.177.37 35254 -- 443
[ 6776.507767] post: 101.102.103.103 => 14.215.177.37 35254 -- 443
[ 6776.514584] pre: 14.215.177.37 => 101.102.103.103 443 -- 35254
[ 6776.514600] in: 14.215.177.37 => 101.102.103.103 443 -- 35254
[ 6776.571751] out: 101.102.103.103 => 119.146.74.32 49262 -- 443
[ 6776.571797] post: 101.102.103.103 => 119.146.74.32 49262 -- 443
[ 6776.579388] pre: 119.146.74.32 => 101.102.103.103 443 -- 49262
[ 6776.579400] in: 119.146.74.32 => 101.102.103.103 443 -- 49262
[ 6786.522977] out: 101.102.103.103 => 14.215.177.37 35254 -- 443
[ 6786.523008] post: 101.102.103.103 => 14.215.177.37 35254 -- 443
[ 6786.529355] pre: 14.215.177.37 => 101.102.103.103 443 -- 35254
[ 6786.529368] in: 14.215.177.37 => 101.102.103.103 443 -- 35254
[ 6786.587011] out: 101.102.103.103 => 119.146.74.32 49262 -- 443
[ 6786.587023] post: 101.102.103.103 => 119.146.74.32 49262 -- 443
[ 6786.595891] pre: 119.146.74.32 => 101.102.103.103 443 -- 49262
[ 6786.595902] in: 119.146.74.32 => 101.102.103.103 443 -- 49262
[ 6796.538288] out: 101.102.103.103 => 14.215.177.37 35254 -- 443
[ 6796.538325] post: 101.102.103.103 => 14.215.177.37 35254 -- 443
[ 6796.545548] pre: 14.215.177.37 => 101.102.103.103 443 -- 35254
[ 6796.545561] in: 14.215.177.37 => 101.102.103.103 443 -- 35254
[ 6796.602254] out: 101.102.103.103 => 119.146.74.32 49262 -- 443
[ 6796.602291] post: 101.102.103.103 => 119.146.74.32 49262 -- 443
[ 6796.611684] pre: 119.146.74.32 => 101.102.103.103 443 -- 49262
[ 6796.611699] in: 119.146.74.32 => 101.102.103.103 443 -- 49262
[ 6806.478379] pre: 14.215.177.37 => 101.102.103.103 443 -- 35254
[ 6806.478415] in: 14.215.177.37 => 101.102.103.103 443 -- 35254
[ 6806.478448] out: 101.102.103.103 => 14.215.177.37 35254 -- 443
[ 6806.478457] post: 101.102.103.103 => 14.215.177.37 35254 -- 443
[ 6806.478521] pre: 14.215.177.37 => 101.102.103.103 443 -- 35254
[ 6806.478529] in: 14.215.177.37 => 101.102.103.103 443 -- 35254
[ 6806.478734] out: 101.102.103.103 => 14.215.177.37 35254 -- 443
[ 6806.478748] post: 101.102.103.103 => 14.215.177.37 35254 -- 443
[ 6806.488171] pre: 14.215.177.37 => 101.102.103.103 443 -- 35254
[ 6806.488187] in: 14.215.177.37 => 101.102.103.103 443 -- 35254
[ 6806.535174] pre: 119.146.74.32 => 101.102.103.103 443 -- 49262
[ 6806.535214] in: 119.146.74.32 => 101.102.103.103 443 -- 49262
[ 6806.535252] out: 101.102.103.103 => 119.146.74.32 49262 -- 443
[ 6806.535267] post: 101.102.103.103 => 119.146.74.32 49262 -- 443
[ 6806.535334] pre: 119.146.74.32 => 101.102.103.103 443 -- 49262
[ 6806.535343] in: 119.146.74.32 => 101.102.103.103 443 -- 49262
[ 6806.535559] out: 101.102.103.103 => 119.146.74.32 49262 -- 443
[ 6806.535572] post: 101.102.103.103 => 119.146.74.32 49262 -- 443
[ 6806.543432] pre: 119.146.74.32 => 101.102.103.103 443 -- 49262
[ 6806.543446] in: 119.146.74.32 => 101.102.103.103 443 -- 49262
[ 7064.020948] out: 101.102.103.103 => 14.215.177.37 35258 -- 443
[ 7064.020992] post: 101.102.103.103 => 14.215.177.37 35258 -- 443
[ 7064.026059] pre::before::src IP 14.215.177.37
[ 7064.026068] pre::after::src IP 8.8.8.8
[ 7064.092917] out: 101.102.103.103 => 119.146.74.32 49266 -- 443
[ 7064.092938] post: 101.102.103.103 => 119.146.74.32 49266 -- 443
[ 7064.100506] pre::before::src IP 119.146.74.32
[ 7064.100514] pre::after::src IP 8.8.8.8
[ 7065.020912] out: 101.102.103.103 => 14.215.177.37 35258 -- 443
[ 7065.020953] post: 101.102.103.103 => 14.215.177.37 35258 -- 443
[ 7065.025923] pre::before::src IP 14.215.177.37
[ 7065.025933] pre::after::src IP 8.8.8.8
[ 7065.092878] out: 101.102.103.103 => 119.146.74.32 49266 -- 443
[ 7065.092889] post: 101.102.103.103 => 119.146.74.32 49266 -- 443
[ 7065.914417] out: 101.102.103.103 => 14.215.177.37 35258 -- 443
[ 7065.914426] post: 101.102.103.103 => 14.215.177.37 35258 -- 443
[ 7065.920275] pre::before::src IP 14.215.177.37
[ 7065.920282] pre::after::src IP 8.8.8.8
[ 7065.927800] pre::before::src IP 14.215.177.37
[ 7065.927820] pre::after::src IP 8.8.8.8
[ 7065.928833] pre::before::src IP 14.215.177.37
[ 7065.928845] pre::after::src IP 8.8.8.8
[ 7065.929868] pre::before::src IP 14.215.177.37
[ 7065.929882] pre::after::src IP 8.8.8.8
[ 7065.929892] pre::before::src IP 14.215.177.37
[ 7065.929895] pre::after::src IP 8.8.8.8
[ 7065.929901] pre::before::src IP 14.215.177.37
[ 7065.929907] pre::after::src IP 8.8.8.8
[ 7065.929914] pre::before::src IP 14.215.177.37
[ 7065.929916] pre::after::src IP 8.8.8.8
[ 7065.929922] pre::before::src IP 14.215.177.37
[ 7065.929925] pre::after::src IP 8.8.8.8
[ 7065.929931] pre::before::src IP 14.215.177.37
[ 7065.929933] pre::after::src IP 8.8.8.8
[ 7065.929939] pre::before::src IP 14.215.177.37
[ 7065.929942] pre::after::src IP 8.8.8.8
[ 7065.929948] pre::before::src IP 14.215.177.37
[ 7065.929951] pre::after::src IP 8.8.8.8
[ 7065.929957] pre::before::src IP 14.215.177.37
[ 7065.929959] pre::after::src IP 8.8.8.8
[ 7065.930549] pre::before::src IP 14.215.177.37
[ 7065.930562] pre::after::src IP 8.8.8.8
[ 7065.930572] pre::before::src IP 14.215.177.37
[ 7065.930577] pre::after::src IP 8.8.8.8
[ 7065.930583] pre::before::src IP 14.215.177.37
[ 7065.930586] pre::after::src IP 8.8.8.8
[ 7065.930595] pre::before::src IP 14.215.177.37
[ 7065.930597] pre::after::src IP 8.8.8.8
[ 7065.930604] pre::before::src IP 14.215.177.37
[ 7065.930606] pre::after::src IP 8.8.8.8
[ 7065.930613] pre::before::src IP 14.215.177.37
[ 7065.930615] pre::after::src IP 8.8.8.8
[ 7065.930621] pre::before::src IP 14.215.177.37
[ 7065.930624] pre::after::src IP 8.8.8.8
[ 7065.930630] pre::before::src IP 14.215.177.37
[ 7065.930633] pre::after::src IP 8.8.8.8
[ 7065.930640] pre::before::src IP 14.215.177.37
[ 7065.930643] pre::after::src IP 8.8.8.8
[ 7065.951395] pre::before::src IP 14.215.177.37
[ 7065.951418] pre::after::src IP 8.8.8.8
[ 7065.951432] pre::before::src IP 14.215.177.37
[ 7065.951437] pre::after::src IP 8.8.8.8
[ 7065.951445] pre::before::src IP 14.215.177.37
[ 7065.951451] pre::after::src IP 8.8.8.8
[ 7065.952132] pre::before::src IP 14.215.177.37
[ 7065.952144] pre::after::src IP 8.8.8.8
[ 7065.952155] pre::before::src IP 14.215.177.37
[ 7065.952158] pre::after::src IP 8.8.8.8
[ 7065.952165] pre::before::src IP 14.215.177.37
[ 7065.952168] pre::after::src IP 8.8.8.8
[ 7065.952175] pre::before::src IP 14.215.177.37
[ 7065.952178] pre::after::src IP 8.8.8.8
[ 7066.092787] out: 101.102.103.103 => 119.146.74.32 49266 -- 443
[ 7066.092799] post: 101.102.103.103 => 119.146.74.32 49266 -- 443
[ 7066.124836] out: 101.102.103.103 => 14.215.177.37 35258 -- 443
[ 7066.124870] post: 101.102.103.103 => 14.215.177.37 35258 -- 443
[ 7066.128860] pre::before::src IP 14.215.177.37
[ 7066.128884] pre::after::src IP 8.8.8.8
[ 7066.152374] pre::before::src IP 14.215.177.37
[ 7066.152398] pre::after::src IP 8.8.8.8
[ 7066.336805] out: 101.102.103.103 => 14.215.177.37 35258 -- 443
[ 7066.336817] post: 101.102.103.103 => 14.215.177.37 35258 -- 443
[ 7066.351455] pre::before::src IP 14.215.177.37
[ 7066.351476] pre::after::src IP 8.8.8.8
[ 7066.364176] pre::before::src IP 14.215.177.37
[ 7066.364203] pre::after::src IP 8.8.8.8
[ 7066.576170] pre::before::src IP 14.215.177.37
[ 7066.576194] pre::after::src IP 8.8.8.8
[ 7066.760809] out: 101.102.103.103 => 14.215.177.37 35258 -- 443
[ 7066.760820] post: 101.102.103.103 => 14.215.177.37 35258 -- 443
[ 7066.765774] pre::before::src IP 14.215.177.37
[ 7066.765782] pre::after::src IP 8.8.8.8
[ 7066.989137] pre::before::src IP 101.102.103.11
[ 7066.989171] pre::after::src IP 8.8.8.8
[ 7067.001033] pre::before::src IP 14.215.177.37
[ 7067.001060] pre::after::src IP 8.8.8.8
[ 7067.091536] pre::before::src IP 101.102.103.11
[ 7067.091565] pre::after::src IP 8.8.8.8
[ 7067.092745] out: 101.102.103.103 => 119.146.74.32 49266 -- 443
[ 7067.092756] post: 101.102.103.103 => 119.146.74.32 49266 -- 443
[ 7067.193974] pre::before::src IP 101.102.103.11
[ 7067.194000] pre::after::src IP 8.8.8.8
[ 7067.296370] pre::before::src IP 101.102.103.11
[ 7067.296401] pre::after::src IP 8.8.8.8
[ 7067.398725] pre::before::src IP 101.102.103.11
[ 7067.398760] pre::after::src IP 8.8.8.8
[ 7067.501140] pre::before::src IP 101.102.103.11
[ 7067.501175] pre::after::src IP 8.8.8.8
[ 7067.603556] pre::before::src IP 101.102.103.11
[ 7067.603581] pre::after::src IP 8.8.8.8
[ 7067.608714] out: 101.102.103.103 => 14.215.177.37 35258 -- 443
[ 7067.608728] post: 101.102.103.103 => 14.215.177.37 35258 -- 443
[ 7067.615395] pre::before::src IP 14.215.177.37
[ 7067.615405] pre::after::src IP 8.8.8.8
[ 7067.705821] pre::before::src IP 101.102.103.11
[ 7067.705834] pre::after::src IP 8.8.8.8
[ 7067.808317] pre::before::src IP 101.102.103.11
[ 7067.808358] pre::after::src IP 8.8.8.8
[ 7067.848485] pre::before::src IP 14.215.177.37
[ 7067.848523] pre::after::src IP 8.8.8.8
[ 7067.913889] pre::before::src IP 101.102.103.11
[ 7067.913917] pre::after::src IP 8.8.8.8
[ 7068.013086] pre::before::src IP 101.102.103.11
[ 7068.013117] pre::after::src IP 8.8.8.8
[ 7068.092685] out: 101.102.103.103 => 119.146.74.32 49266 -- 443
[ 7068.092701] post: 101.102.103.103 => 119.146.74.32 49266 -- 443
[ 7068.115509] pre::before::src IP 101.102.103.11
[ 7068.115543] pre::after::src IP 8.8.8.8
[ 7068.217915] pre::before::src IP 101.102.103.11
[ 7068.217940] pre::after::src IP 8.8.8.8
[ 7069.308608] out: 101.102.103.103 => 14.215.177.37 35258 -- 443
[ 7069.308619] post: 101.102.103.103 => 14.215.177.37 35258 -- 443
[ 7069.313781] pre::before::src IP 14.215.177.37
[ 7069.313791] pre::after::src IP 8.8.8.8
[ 7069.544056] pre::before::src IP 14.215.177.37
[ 7069.544090] pre::after::src IP 8.8.8.8
[ 7072.712473] out: 101.102.103.103 => 14.215.177.37 35258 -- 443
[ 7072.712485] post: 101.102.103.103 => 14.215.177.37 35258 -- 443
[ 7072.717497] pre::before::src IP 14.215.177.37
[ 7072.717506] pre::after::src IP 8.8.8.8
[ 7072.935947] pre::before::src IP 14.215.177.37
[ 7072.935985] pre::after::src IP 8.8.8.8
[ 7079.512065] out: 101.102.103.103 => 14.215.177.37 35258 -- 443
[ 7079.512074] post: 101.102.103.103 => 14.215.177.37 35258 -- 443
[ 7079.518900] pre::before::src IP 14.215.177.37
[ 7079.518909] pre::after::src IP 8.8.8.8
[ 7087.979782] pre::before::src IP 101.102.103.11
[ 7087.979810] pre::after::src IP 8.8.8.8
[ 7088.082205] pre::before::src IP 101.102.103.11
[ 7088.082233] pre::after::src IP 8.8.8.8
[ 7088.184644] pre::before::src IP 101.102.103.11
[ 7088.184673] pre::after::src IP 8.8.8.8
[ 7088.287039] pre::before::src IP 101.102.103.11
[ 7088.287069] pre::after::src IP 8.8.8.8
[ 7088.389385] pre::before::src IP 101.102.103.11
[ 7088.389413] pre::after::src IP 8.8.8.8
[ 7088.491802] pre::before::src IP 101.102.103.11
[ 7088.491829] pre::after::src IP 8.8.8.8
[ 7088.594225] pre::before::src IP 101.102.103.11
[ 7088.594254] pre::after::src IP 8.8.8.8
[ 7088.696565] pre::before::src IP 101.102.103.11
[ 7088.696594] pre::after::src IP 8.8.8.8
[ 7088.799147] pre::before::src IP 101.102.103.11
[ 7088.799174] pre::after::src IP 8.8.8.8
[ 7088.901360] pre::before::src IP 101.102.103.11
[ 7088.901369] pre::after::src IP 8.8.8.8
[10420.215288] out: 101.102.103.103 => 14.215.177.38 45738 -- 80
[10420.215299] post: 101.102.103.103 => 14.215.177.38 45738 -- 80
[10420.222515] pre: 14.215.177.38 => 101.102.103.103 80 -- 45738
[10420.222534] in: 14.215.177.38 => 101.102.103.103 80 -- 45738
[10420.222587] out: 101.102.103.103 => 14.215.177.38 45738 -- 80
[10420.222593] post: 101.102.103.103 => 14.215.177.38 45738 -- 80
[10420.222740] out: 101.102.103.103 => 14.215.177.38 45738 -- 80
[10420.222750] post: 101.102.103.103 => 14.215.177.38 45738 -- 80
[10420.229619] pre: 14.215.177.38 => 101.102.103.103 80 -- 45738
[10420.229662] in: 14.215.177.38 => 101.102.103.103 80 -- 45738
[10420.230387] pre: 14.215.177.38 => 101.102.103.103 80 -- 45738
[10420.230418] in: 14.215.177.38 => 101.102.103.103 80 -- 45738
[10420.230462] out: 101.102.103.103 => 14.215.177.38 45738 -- 80
[10420.230476] post: 101.102.103.103 => 14.215.177.38 45738 -- 80
[10420.230559] pre: 14.215.177.38 => 101.102.103.103 80 -- 45738
[10420.230573] in: 14.215.177.38 => 101.102.103.103 80 -- 45738
[10420.230593] out: 101.102.103.103 => 14.215.177.38 45738 -- 80
[10420.230602] post: 101.102.103.103 => 14.215.177.38 45738 -- 80
[10420.230651] pre: 14.215.177.38 => 101.102.103.103 80 -- 45738
[10420.230663] in: 14.215.177.38 => 101.102.103.103 80 -- 45738
[10420.230679] out: 101.102.103.103 => 14.215.177.38 45738 -- 80
[10420.230687] post: 101.102.103.103 => 14.215.177.38 45738 -- 80
[10420.230736] pre: 14.215.177.38 => 101.102.103.103 80 -- 45738
[10420.230748] in: 14.215.177.38 => 101.102.103.103 80 -- 45738
[10420.230848] out: 101.102.103.103 => 14.215.177.38 45738 -- 80
[10420.230857] post: 101.102.103.103 => 14.215.177.38 45738 -- 80
[10420.238522] pre: 14.215.177.38 => 101.102.103.103 80 -- 45738
[10420.238534] in: 14.215.177.38 => 101.102.103.103 80 -- 45738
[11234.888453] out: 101.102.103.103 => 61.155.217.101 36286 -- 80
[11234.888496] post: 101.102.103.103 => 61.155.217.101 36286 -- 80
[11234.924338] pre: 61.155.217.101 => 101.102.103.103 80 -- 36286
[11234.924380] in: 61.155.217.101 => 101.102.103.103 80 -- 36286
[11235.176743] out: 101.102.103.103 => 113.107.58.87 49956 -- 80
[11235.176752] post: 101.102.103.103 => 113.107.58.87 49956 -- 80
[11235.193010] pre: 113.107.58.87 => 101.102.103.103 80 -- 49956
[11235.193053] in: 113.107.58.87 => 101.102.103.103 80 -- 49956
[11235.193119] out: 101.102.103.103 => 113.107.58.87 49956 -- 80
[11235.193131] post: 101.102.103.103 => 113.107.58.87 49956 -- 80
[11235.193252] out: 101.102.103.103 => 113.107.58.87 49956 -- 80
[11235.193260] post: 101.102.103.103 => 113.107.58.87 49956 -- 80
[11235.207742] pre: 113.107.58.87 => 101.102.103.103 80 -- 49956
[11235.207780] in: 113.107.58.87 => 101.102.103.103 80 -- 49956
[11235.209269] pre: 113.107.58.87 => 101.102.103.103 80 -- 49956
[11235.209292] in: 113.107.58.87 => 101.102.103.103 80 -- 49956
[11235.209314] out: 101.102.103.103 => 113.107.58.87 49956 -- 80
[11235.209320] post: 101.102.103.103 => 113.107.58.87 49956 -- 80
[11235.209378] pre: 113.107.58.87 => 101.102.103.103 80 -- 49956
[11235.209388] in: 113.107.58.87 => 101.102.103.103 80 -- 49956
[11235.209405] out: 101.102.103.103 => 113.107.58.87 49956 -- 80
[11235.209416] post: 101.102.103.103 => 113.107.58.87 49956 -- 80
[11235.209448] pre: 113.107.58.87 => 101.102.103.103 80 -- 49956
[11235.209457] in: 113.107.58.87 => 101.102.103.103 80 -- 49956
[11235.209475] out: 101.102.103.103 => 113.107.58.87 49956 -- 80
[11235.209484] post: 101.102.103.103 => 113.107.58.87 49956 -- 80
[11235.209968] pre: 113.107.58.87 => 101.102.103.103 80 -- 49956
[11235.209995] in: 113.107.58.87 => 101.102.103.103 80 -- 49956
[11235.210028] out: 101.102.103.103 => 113.107.58.87 49956 -- 80
[11235.210038] post: 101.102.103.103 => 113.107.58.87 49956 -- 80
[11235.210084] pre: 113.107.58.87 => 101.102.103.103 80 -- 49956
[11235.210100] in: 113.107.58.87 => 101.102.103.103 80 -- 49956
[11235.210127] out: 101.102.103.103 => 113.107.58.87 49956 -- 80
[11235.210137] post: 101.102.103.103 => 113.107.58.87 49956 -- 80
[11235.210257] pre: 113.107.58.87 => 101.102.103.103 80 -- 49956
[11235.210265] in: 113.107.58.87 => 101.102.103.103 80 -- 49956
[11235.210282] out: 101.102.103.103 => 113.107.58.87 49956 -- 80
[11235.210289] post: 101.102.103.103 => 113.107.58.87 49956 -- 80
[11235.210321] pre: 113.107.58.87 => 101.102.103.103 80 -- 49956
[11235.210331] in: 113.107.58.87 => 101.102.103.103 80 -- 49956
[11235.210345] out: 101.102.103.103 => 113.107.58.87 49956 -- 80
[11235.210352] post: 101.102.103.103 => 113.107.58.87 49956 -- 80
[11235.211247] pre: 113.107.58.87 => 101.102.103.103 80 -- 49956
[11235.211256] in: 113.107.58.87 => 101.102.103.103 80 -- 49956
[11235.211279] out: 101.102.103.103 => 113.107.58.87 49956 -- 80
[11235.211284] post: 101.102.103.103 => 113.107.58.87 49956 -- 80
[11235.211320] pre: 113.107.58.87 => 101.102.103.103 80 -- 49956
[11235.211325] in: 113.107.58.87 => 101.102.103.103 80 -- 49956
[11235.211337] out: 101.102.103.103 => 113.107.58.87 49956 -- 80
[11235.211341] post: 101.102.103.103 => 113.107.58.87 49956 -- 80
[11235.211357] pre: 113.107.58.87 => 101.102.103.103 80 -- 49956
[11235.211361] in: 113.107.58.87 => 101.102.103.103 80 -- 49956
[11235.211372] out: 101.102.103.103 => 113.107.58.87 49956 -- 80
[11235.211376] post: 101.102.103.103 => 113.107.58.87 49956 -- 80
[11235.211391] pre: 113.107.58.87 => 101.102.103.103 80 -- 49956
[11235.211396] in: 113.107.58.87 => 101.102.103.103 80 -- 49956
[11235.211404] out: 101.102.103.103 => 113.107.58.87 49956 -- 80
[11235.211408] post: 101.102.103.103 => 113.107.58.87 49956 -- 80
[11235.212443] pre: 113.107.58.87 => 101.102.103.103 80 -- 49956
[11235.212457] in: 113.107.58.87 => 101.102.103.103 80 -- 49956
[11235.212469] out: 101.102.103.103 => 113.107.58.87 49956 -- 80
[11235.212473] post: 101.102.103.103 => 113.107.58.87 49956 -- 80
[11235.212498] pre: 113.107.58.87 => 101.102.103.103 80 -- 49956
[11235.212505] in: 113.107.58.87 => 101.102.103.103 80 -- 49956
[11235.212514] out: 101.102.103.103 => 113.107.58.87 49956 -- 80
[11235.212518] post: 101.102.103.103 => 113.107.58.87 49956 -- 80
[11235.212536] pre: 113.107.58.87 => 101.102.103.103 80 -- 49956
[11235.212540] in: 113.107.58.87 => 101.102.103.103 80 -- 49956
[11235.212550] out: 101.102.103.103 => 113.107.58.87 49956 -- 80
[11235.212554] post: 101.102.103.103 => 113.107.58.87 49956 -- 80
[11235.212572] pre: 113.107.58.87 => 101.102.103.103 80 -- 49956
[11235.212577] in: 113.107.58.87 => 101.102.103.103 80 -- 49956
[11235.212586] out: 101.102.103.103 => 113.107.58.87 49956 -- 80
[11235.212590] post: 101.102.103.103 => 113.107.58.87 49956 -- 80
[11235.213345] pre: 113.107.58.87 => 101.102.103.103 80 -- 49956
[11235.213351] in: 113.107.58.87 => 101.102.103.103 80 -- 49956
[11235.213361] out: 101.102.103.103 => 113.107.58.87 49956 -- 80
[11235.213365] post: 101.102.103.103 => 113.107.58.87 49956 -- 80
[11235.213385] pre: 113.107.58.87 => 101.102.103.103 80 -- 49956
[11235.213389] in: 113.107.58.87 => 101.102.103.103 80 -- 49956
[11235.213398] out: 101.102.103.103 => 113.107.58.87 49956 -- 80
